../Core/Src/gui.c:13:6:GUI_DrawPoint	16	static
../Core/Src/gui.c:19:6:LCD_DrawLine	40	static
../Core/Src/gui.c:42:6:LCD_DrawRectangle	32	static
../Core/Src/gui.c:52:6:LCD_DrawFillRectangle	40	static
../Core/Src/gui.c:65:13:_draw_circle_8	32	static
../Core/Src/gui.c:77:13:gui_circle	48	static
../Core/Src/gui.c:100:6:Draw_Circle	40	static
../Core/Src/gui.c:108:6:Draw_Triangel	24	static
../Core/Src/gui.c:115:13:_swap_u16	24	static
../Core/Src/gui.c:120:6:Fill_Triangel	80	static
../Core/Src/gui.c:164:17:mypow10	24	static
../Core/Src/gui.c:176:6:LCD_ShowChar	40	static
../Core/Src/gui.c:213:6:LCD_ShowString	56	static
../Core/Src/gui.c:224:6:LCD_ShowNum	56	static
../Core/Src/gui.c:243:6:LCD_Show2Num	48	static
../Core/Src/gui.c:268:13:_draw_cn_block	40	static
../Core/Src/gui.c:292:6:GUI_DrawFont16	16	static
../Core/Src/gui.c:306:6:GUI_DrawFont24	16	static
../Core/Src/gui.c:320:6:GUI_DrawFont32	16	static
../Core/Src/gui.c:336:6:Show_Str	48	static
../Core/Src/gui.c:362:6:Gui_StrCenter	64	static
../Core/Src/gui.c:374:6:run_lcd_probe	24	static
../Core/Src/gui.c:391:6:run_text_ascii	16	static
../Core/Src/gui.c:408:6:run_text_cn	24	static
../Core/Src/gui.c:438:6:GUI_Test_First_CN16	16	static
