../Core/Src/lcd.c:27:20:wr8	16	static
../Core/Src/lcd.c:30:20:wr16	24	static
../Core/Src/lcd.c:34:20:cmd	16	static
../Core/Src/lcd.c:37:20:data8	16	static
../Core/Src/lcd.c:40:20:data16_rep	24	static
../Core/Src/lcd.c:47:13:hw_reset	8	static
../Core/Src/lcd.c:53:13:set_window	24	static
../Core/Src/lcd.c:69:13:set_madctl_by_rot	24	static
../Core/Src/lcd.c:82:6:LCD_Backlight_On	4	static
../Core/Src/lcd.c:83:6:LCD_Backlight_Off	4	static
../Core/Src/lcd.c:85:10:LCD_Width	4	static
../Core/Src/lcd.c:86:10:LCD_Height	4	static
../Core/Src/lcd.c:88:6:LCD_SetRotation	16	static
../Core/Src/lcd.c:92:6:LCD_Init	8	static
../Core/Src/lcd.c:144:6:LCD_Clear	16	static
../Core/Src/lcd.c:149:6:LCD_DrawPixel	16	static
../Core/Src/lcd.c:155:6:LCD_FillRect	24	static
../Core/Src/lcd.c:163:6:LCD_DrawFastHLine	24	static
../Core/Src/lcd.c:170:6:LCD_DrawFastVLine	24	static
../Core/Src/lcd.c:177:6:LCD_DrawImage565	32	static
