../Core/Src/syscalls.c:46:6:initialise_monitor_handles	4	static
../Core/Src/syscalls.c:50:5:_getpid	4	static
../Core/Src/syscalls.c:55:5:_kill	16	static
../Core/Src/syscalls.c:63:6:_exit	16	static
../Core/Src/syscalls.c:69:27:_read	32	static
../Core/Src/syscalls.c:83:5:_close	16	static
../Core/Src/syscalls.c:90:5:_fstat	16	static
../Core/Src/syscalls.c:97:5:_isatty	16	static
../Core/Src/syscalls.c:103:5:_lseek	24	static
../Core/Src/syscalls.c:111:5:_open	12	static
../Core/Src/syscalls.c:119:5:_wait	16	static
../Core/Src/syscalls.c:126:5:_unlink	16	static
../Core/Src/syscalls.c:133:5:_times	16	static
../Core/Src/syscalls.c:139:5:_stat	16	static
../Core/Src/syscalls.c:146:5:_link	16	static
../Core/Src/syscalls.c:154:5:_fork	8	static
../Core/Src/syscalls.c:160:5:_execve	24	static
