Archive member included to satisfy reference by file (symbol)

C:/ST/STM32CubeIDE_1.19.0/STM32CubeIDE/plugins/com.st.stm32cube.ide.mcu.externaltools.gnu-tools-for-stm32.13.3.rel1.win32_1.0.0.202411081344/tools/bin/../lib/gcc/arm-none-eabi/13.3.1/../../../../arm-none-eabi/lib/thumb/v7e-m+fp/hard\libc_nano.a(libc_a-exit.o)
                              C:/ST/STM32CubeIDE_1.19.0/STM32CubeIDE/plugins/com.st.stm32cube.ide.mcu.externaltools.gnu-tools-for-stm32.13.3.rel1.win32_1.0.0.202411081344/tools/bin/../lib/gcc/arm-none-eabi/13.3.1/../../../../arm-none-eabi/lib/thumb/v7e-m+fp/hard/crt0.o (exit)
C:/ST/STM32CubeIDE_1.19.0/STM32CubeIDE/plugins/com.st.stm32cube.ide.mcu.externaltools.gnu-tools-for-stm32.13.3.rel1.win32_1.0.0.202411081344/tools/bin/../lib/gcc/arm-none-eabi/13.3.1/../../../../arm-none-eabi/lib/thumb/v7e-m+fp/hard\libc_nano.a(libc_a-findfp.o)
                              ./Middlewares/Third_Party/FreeRTOS/Source/tasks.o (__sf)
C:/ST/STM32CubeIDE_1.19.0/STM32CubeIDE/plugins/com.st.stm32cube.ide.mcu.externaltools.gnu-tools-for-stm32.13.3.rel1.win32_1.0.0.202411081344/tools/bin/../lib/gcc/arm-none-eabi/13.3.1/../../../../arm-none-eabi/lib/thumb/v7e-m+fp/hard\libc_nano.a(libc_a-fwalk.o)
                              C:/ST/STM32CubeIDE_1.19.0/STM32CubeIDE/plugins/com.st.stm32cube.ide.mcu.externaltools.gnu-tools-for-stm32.13.3.rel1.win32_1.0.0.202411081344/tools/bin/../lib/gcc/arm-none-eabi/13.3.1/../../../../arm-none-eabi/lib/thumb/v7e-m+fp/hard\libc_nano.a(libc_a-findfp.o) (_fwalk_sglue)
C:/ST/STM32CubeIDE_1.19.0/STM32CubeIDE/plugins/com.st.stm32cube.ide.mcu.externaltools.gnu-tools-for-stm32.13.3.rel1.win32_1.0.0.202411081344/tools/bin/../lib/gcc/arm-none-eabi/13.3.1/../../../../arm-none-eabi/lib/thumb/v7e-m+fp/hard\libc_nano.a(libc_a-stdio.o)
                              C:/ST/STM32CubeIDE_1.19.0/STM32CubeIDE/plugins/com.st.stm32cube.ide.mcu.externaltools.gnu-tools-for-stm32.13.3.rel1.win32_1.0.0.202411081344/tools/bin/../lib/gcc/arm-none-eabi/13.3.1/../../../../arm-none-eabi/lib/thumb/v7e-m+fp/hard\libc_nano.a(libc_a-findfp.o) (__sread)
C:/ST/STM32CubeIDE_1.19.0/STM32CubeIDE/plugins/com.st.stm32cube.ide.mcu.externaltools.gnu-tools-for-stm32.13.3.rel1.win32_1.0.0.202411081344/tools/bin/../lib/gcc/arm-none-eabi/13.3.1/../../../../arm-none-eabi/lib/thumb/v7e-m+fp/hard\libc_nano.a(libc_a-memset.o)
                              C:/ST/STM32CubeIDE_1.19.0/STM32CubeIDE/plugins/com.st.stm32cube.ide.mcu.externaltools.gnu-tools-for-stm32.13.3.rel1.win32_1.0.0.202411081344/tools/bin/../lib/gcc/arm-none-eabi/13.3.1/../../../../arm-none-eabi/lib/thumb/v7e-m+fp/hard/crt0.o (memset)
C:/ST/STM32CubeIDE_1.19.0/STM32CubeIDE/plugins/com.st.stm32cube.ide.mcu.externaltools.gnu-tools-for-stm32.13.3.rel1.win32_1.0.0.202411081344/tools/bin/../lib/gcc/arm-none-eabi/13.3.1/../../../../arm-none-eabi/lib/thumb/v7e-m+fp/hard\libc_nano.a(libc_a-closer.o)
                              C:/ST/STM32CubeIDE_1.19.0/STM32CubeIDE/plugins/com.st.stm32cube.ide.mcu.externaltools.gnu-tools-for-stm32.13.3.rel1.win32_1.0.0.202411081344/tools/bin/../lib/gcc/arm-none-eabi/13.3.1/../../../../arm-none-eabi/lib/thumb/v7e-m+fp/hard\libc_nano.a(libc_a-stdio.o) (_close_r)
C:/ST/STM32CubeIDE_1.19.0/STM32CubeIDE/plugins/com.st.stm32cube.ide.mcu.externaltools.gnu-tools-for-stm32.13.3.rel1.win32_1.0.0.202411081344/tools/bin/../lib/gcc/arm-none-eabi/13.3.1/../../../../arm-none-eabi/lib/thumb/v7e-m+fp/hard\libc_nano.a(libc_a-reent.o)
                              ./Middlewares/Third_Party/FreeRTOS/Source/tasks.o (_reclaim_reent)
C:/ST/STM32CubeIDE_1.19.0/STM32CubeIDE/plugins/com.st.stm32cube.ide.mcu.externaltools.gnu-tools-for-stm32.13.3.rel1.win32_1.0.0.202411081344/tools/bin/../lib/gcc/arm-none-eabi/13.3.1/../../../../arm-none-eabi/lib/thumb/v7e-m+fp/hard\libc_nano.a(libc_a-impure.o)
                              ./Middlewares/Third_Party/FreeRTOS/Source/tasks.o (_impure_ptr)
C:/ST/STM32CubeIDE_1.19.0/STM32CubeIDE/plugins/com.st.stm32cube.ide.mcu.externaltools.gnu-tools-for-stm32.13.3.rel1.win32_1.0.0.202411081344/tools/bin/../lib/gcc/arm-none-eabi/13.3.1/../../../../arm-none-eabi/lib/thumb/v7e-m+fp/hard\libc_nano.a(libc_a-lseekr.o)
                              C:/ST/STM32CubeIDE_1.19.0/STM32CubeIDE/plugins/com.st.stm32cube.ide.mcu.externaltools.gnu-tools-for-stm32.13.3.rel1.win32_1.0.0.202411081344/tools/bin/../lib/gcc/arm-none-eabi/13.3.1/../../../../arm-none-eabi/lib/thumb/v7e-m+fp/hard\libc_nano.a(libc_a-stdio.o) (_lseek_r)
C:/ST/STM32CubeIDE_1.19.0/STM32CubeIDE/plugins/com.st.stm32cube.ide.mcu.externaltools.gnu-tools-for-stm32.13.3.rel1.win32_1.0.0.202411081344/tools/bin/../lib/gcc/arm-none-eabi/13.3.1/../../../../arm-none-eabi/lib/thumb/v7e-m+fp/hard\libc_nano.a(libc_a-readr.o)
[...]
Memory Configuration

Name             Origin             Length             Attributes
CCMRAM           0x10000000         0x00010000         xrw
RAM              0x20000000         0x00020000         xrw
FLASH            0x08000000         0x00100000         xr
*default*        0x00000000         0xffffffff

Linker script and memory map

LOAD C:/ST/STM32CubeIDE_1.19.0/STM32CubeIDE/plugins/com.st.stm32cube.ide.mcu.externaltools.gnu-tools-for-stm32.13.3.rel1.win32_1.0.0.202411081344/tools/bin/../lib/gcc/arm-none-eabi/13.3.1/thumb/v7e-m+fp/hard/crti.o
LOAD C:/ST/STM32CubeIDE_1.19.0/STM32CubeIDE/plugins/com.st.stm32cube.ide.mcu.externaltools.gnu-tools-for-stm32.13.3.rel1.win32_1.0.0.202411081344/tools/bin/../lib/gcc/arm-none-eabi/13.3.1/thumb/v7e-m+fp/hard/crtbegin.o
LOAD C:/ST/STM32CubeIDE_1.19.0/STM32CubeIDE/plugins/com.st.stm32cube.ide.mcu.externaltools.gnu-tools-for-stm32.13.3.rel1.win32_1.0.0.202411081344/tools/bin/../lib/gcc/arm-none-eabi/13.3.1/../../../../arm-none-eabi/lib/thumb/v7e-m+fp/hard/crt0.o
LOAD ./Core/Src/beep.o
LOAD ./Core/Src/delay.o
LOAD ./Core/Src/dma.o
LOAD ./Core/Src/font.o
LOAD ./Core/Src/freertos.o
LOAD ./Core/Src/gpio.o
LOAD ./Core/Src/gui.o
LOAD ./Core/Src/lcd.o
LOAD ./Core/Src/led.o
LOAD ./Core/Src/main.o
LOAD ./Core/Src/micro_wave_oven.o
LOAD ./Core/Src/retarget.o
LOAD ./Core/Src/spi.o
LOAD ./Core/Src/stm32f4xx_hal_msp.o
LOAD ./Core/Src/stm32f4xx_hal_timebase_tim.o
LOAD ./Core/Src/stm32f4xx_it.o
LOAD ./Core/Src/syscalls.o
LOAD ./Core/Src/sysmem.o
LOAD ./Core/Src/system_stm32f4xx.o
LOAD ./Core/Src/tim.o
LOAD ./Core/Src/usart.o
LOAD ./Core/Startup/startup_stm32f407vgtx.o
LOAD ./Drivers/STM32F4xx_HAL_Driver/Src/stm32f4xx_hal.o
LOAD ./Drivers/STM32F4xx_HAL_Driver/Src/stm32f4xx_hal_cortex.o
LOAD ./Drivers/STM32F4xx_HAL_Driver/Src/stm32f4xx_hal_dma.o
LOAD ./Drivers/STM32F4xx_HAL_Driver/Src/stm32f4xx_hal_dma_ex.o
LOAD ./Drivers/STM32F4xx_HAL_Driver/Src/stm32f4xx_hal_exti.o
LOAD ./Drivers/STM32F4xx_HAL_Driver/Src/stm32f4xx_hal_flash.o
LOAD ./Drivers/STM32F4xx_HAL_Driver/Src/stm32f4xx_hal_flash_ex.o
LOAD ./Drivers/STM32F4xx_HAL_Driver/Src/stm32f4xx_hal_flash_ramfunc.o
LOAD ./Drivers/STM32F4xx_HAL_Driver/Src/stm32f4xx_hal_gpio.o
LOAD ./Drivers/STM32F4xx_HAL_Driver/Src/stm32f4xx_hal_pwr.o
LOAD ./Drivers/STM32F4xx_HAL_Driver/Src/stm32f4xx_hal_pwr_ex.o
LOAD ./Drivers/STM32F4xx_HAL_Driver/Src/stm32f4xx_hal_rcc.o
LOAD ./Drivers/STM32F4xx_HAL_Driver/Src/stm32f4xx_hal_rcc_ex.o
LOAD ./Drivers/STM32F4xx_HAL_Driver/Src/stm32f4xx_hal_spi.o
LOAD ./Drivers/STM32F4xx_HAL_Driver/Src/stm32f4xx_hal_tim.o
LOAD ./Drivers/STM32F4xx_HAL_Driver/Src/stm32f4xx_hal_tim_ex.o
LOAD ./Drivers/STM32F4xx_HAL_Driver/Src/stm32f4xx_hal_uart.o
LOAD ./Middlewares/Third_Party/FreeRTOS/Source/CMSIS_RTOS_V2/cmsis_os2.o
LOAD ./Middlewares/Third_Party/FreeRTOS/Source/croutine.o
LOAD ./Middlewares/Third_Party/FreeRTOS/Source/event_groups.o
LOAD ./Middlewares/Third_Party/FreeRTOS/Source/list.o
LOAD ./Middlewares/Third_Party/FreeRTOS/Source/queue.o
LOAD ./Middlewares/Third_Party/FreeRTOS/Source/stream_buffer.o
LOAD ./Middlewares/Third_Party/FreeRTOS/Source/tasks.o
LOAD ./Middlewares/Third_Party/FreeRTOS/Source/timers.o
LOAD ./Middlewares/Third_Party/FreeRTOS/Source/portable/GCC/ARM_CM4F/port.o
LOAD ./Middlewares/Third_Party/FreeRTOS/Source/portable/MemMang/heap_4.o
START GROUP
LOAD C:/ST/STM32CubeIDE_1.19.0/STM32CubeIDE/plugins/com.st.stm32cube.ide.mcu.externaltools.gnu-tools-for-stm32.13.3.rel1.win32_1.0.0.202411081344/tools/bin/../lib/gcc/arm-none-eabi/13.3.1/../../../../arm-none-eabi/lib/thumb/v7e-m+fp/hard\libc_nano.a
LOAD C:/ST/STM32CubeIDE_1.19.0/STM32CubeIDE/plugins/com.st.stm32cube.ide.mcu.externaltools.gnu-tools-for-stm32.13.3.rel1.win32_1.0.0.202411081344/tools/bin/../lib/gcc/arm-none-eabi/13.3.1/../../../../arm-none-eabi/lib/thumb/v7e-m+fp/hard\libm.a
END GROUP
START GROUP
LOAD C:/ST/STM32CubeIDE_1.19.0/STM32CubeIDE/plugins/com.st.stm32cube.ide.mcu.externaltools.gnu-tools-for-stm32.13.3.rel1.win32_1.0.0.202411081344/tools/bin/../lib/gcc/arm-none-eabi/13.3.1/thumb/v7e-m+fp/hard\libgcc.a
LOAD C:/ST/STM32CubeIDE_1.19.0/STM32CubeIDE/plugins/com.st.stm32cube.ide.mcu.externaltools.gnu-tools-for-stm32.13.3.rel1.win32_1.0.0.202411081344/tools/bin/../lib/gcc/arm-none-eabi/13.3.1/../../../../arm-none-eabi/lib/thumb/v7e-m+fp/hard\libc_nano.a
END GROUP
START GROUP
LOAD C:/ST/STM32CubeIDE_1.19.0/STM32CubeIDE/plugins/com.st.stm32cube.ide.mcu.externaltools.gnu-tools-for-stm32.13.3.rel1.win32_1.0.0.202411081344/tools/bin/../lib/gcc/arm-none-eabi/13.3.1/thumb/v7e-m+fp/hard\libgcc.a
LOAD C:/ST/STM32CubeIDE_1.19.0/STM32CubeIDE/plugins/com.st.stm32cube.ide.mcu.externaltools.gnu-tools-for-stm32.13.3.rel1.win32_1.0.0.202411081344/tools/bin/../lib/gcc/arm-none-eabi/13.3.1/../../../../arm-none-eabi/lib/thumb/v7e-m+fp/hard\libc_nano.a
LOAD C:/ST/STM32CubeIDE_1.19.0/STM32CubeIDE/plugins/com.st.stm32cube.ide.mcu.externaltools.gnu-tools-for-stm32.13.3.rel1.win32_1.0.0.202411081344/tools/bin/../lib/gcc/arm-none-eabi/13.3.1/../../../../arm-none-eabi/lib/thumb/v7e-m+fp/hard\libnosys.a
END GROUP
START GROUP
LOAD C:/ST/STM32CubeIDE_1.19.0/STM32CubeIDE/plugins/com.st.stm32cube.ide.mcu.externaltools.gnu-tools-for-stm32.13.3.rel1.win32_1.0.0.202411081344/tools/bin/../lib/gcc/arm-none-eabi/13.3.1/thumb/v7e-m+fp/hard\libgcc.a
LOAD C:/ST/STM32CubeIDE_1.19.0/STM32CubeIDE/plugins/com.st.stm32cube.ide.mcu.externaltools.gnu-tools-for-stm32.13.3.rel1.win32_1.0.0.202411081344/tools/bin/../lib/gcc/arm-none-eabi/13.3.1/../../../../arm-none-eabi/lib/thumb/v7e-m+fp/hard\libc_nano.a
LOAD C:/ST/STM32CubeIDE_1.19.0/STM32CubeIDE/plugins/com.st.stm32cube.ide.mcu.externaltools.gnu-tools-for-stm32.13.3.rel1.win32_1.0.0.202411081344/tools/bin/../lib/gcc/arm-none-eabi/13.3.1/../../../../arm-none-eabi/lib/thumb/v7e-m+fp/hard\libnosys.a
END GROUP
LOAD C:/ST/STM32CubeIDE_1.19.0/STM32CubeIDE/plugins/com.st.stm32cube.ide.mcu.externaltools.gnu-tools-for-stm32.13.3.rel1.win32_1.0.0.202411081344/tools/bin/../lib/gcc/arm-none-eabi/13.3.1/thumb/v7e-m+fp/hard/crtend.o
LOAD C:/ST/STM32CubeIDE_1.19.0/STM32CubeIDE/plugins/com.st.stm32cube.ide.mcu.externaltools.gnu-tools-for-stm32.13.3.rel1.win32_1.0.0.202411081344/tools/bin/../lib/gcc/arm-none-eabi/13.3.1/thumb/v7e-m+fp/hard/crtn.o
                0x20020000                        _estack = (ORIGIN (RAM) + LENGTH (RAM))
                0x00000200                        _Min_Heap_Size = 0x200
                0x00000400                        _Min_Stack_Size = 0x400

.isr_vector     0x08000000      0x188
                0x08000000                        . = ALIGN (0x4)
 *(.isr_vector)
 .isr_vector    0x08000000      0x188 ./Core/Startup/startup_stm32f407vgtx.o
                0x08000000                g_pfnVectors
                0x08000188                        . = ALIGN (0x4)

.text           0x08000190     0x86a0
                0x08000190                        . = ALIGN (0x4)
 *(.text)
 .text          0x08000190       0x40 C:/ST/STM32CubeIDE_1.19.0/STM32CubeIDE/plugins/com.st.stm32cube.ide.mcu.externaltools.gnu-tools-for-stm32.13.3.rel1.win32_1.0.0.202411081344/tools/bin/../lib/gcc/arm-none-eabi/13.3.1/thumb/v7e-m+fp/hard/crtbegin.o
 .text          0x080001d0       0x30 C:/ST/STM32CubeIDE_1.19.0/STM32CubeIDE/plugins/com.st.stm32cube.ide.mcu.externaltools.gnu-tools-for-stm32.13.3.rel1.win32_1.0.0.202411081344/tools/bin/../lib/gcc/arm-none-eabi/13.3.1/thumb/v7e-m+fp/hard\libgcc.a(_aeabi_uldivmod.o)
                0x080001d0                __aeabi_uldivmod
 .text          0x08000200      0x2f8 C:/ST/STM32CubeIDE_1.19.0/STM32CubeIDE/plugins/com.st.stm32cube.ide.mcu.externaltools.gnu-tools-for-stm32.13.3.rel1.win32_1.0.0.202411081344/tools/bin/../lib/gcc/arm-none-eabi/13.3.1/thumb/v7e-m+fp/hard\libgcc.a(_udivmoddi4.o)
                0x08000200                __udivmoddi4
 .text          0x080004f8        0x4 C:/ST/STM32CubeIDE_1.19.0/STM32CubeIDE/plugins/com.st.stm32cube.ide.mcu.externaltools.gnu-tools-for-stm32.13.3.rel1.win32_1.0.0.202411081344/tools/bin/../lib/gcc/arm-none-eabi/13.3.1/thumb/v7e-m+fp/hard\libgcc.a(_dvmd_tls.o)
                0x080004f8                __aeabi_idiv0
                0x080004f8                __aeabi_ldiv0
 *(.text*)
 .text.systick_delay_us
                0x080004fc       0x80 ./Core/Src/delay.o
 .text.delay_us
                0x0800057c       0x58 ./Core/Src/delay.o
                0x0800057c                delay_us
 .text.delay_ms
                0x080005d4       0x40 ./Core/Src/delay.o
                0x080005d4                delay_ms
 .text.MX_DMA_Init
                0x08000614       0x40 ./Core/Src/dma.o
                0x08000614                MX_DMA_Init
 .text.is_printable_ascii
                0x08000654       0x28 ./Core/Src/font.o
 .text.idx_from_ascii
                0x0800067c       0x1a ./Core/Src/font.o
 *fill*         0x08000696        0x2 
 .text.Font_Init
                0x08000698       0xbc ./Core/Src/font.o
                0x08000698                Font_Init
 .text.FONT_GetASCIIFont6x12
                0x08000754       0x40 ./Core/Src/font.o
                0x08000754                FONT_GetASCIIFont6x12
 .text.FONT_GetASCIIFont8x16
                0x08000794       0x38 ./Core/Src/font.o
                0x08000794                FONT_GetASCIIFont8x16
 .text.MX_FREERTOS_Init
                0x080007cc       0x24 ./Core/Src/freertos.o
                0x080007cc                MX_FREERTOS_Init
 .text.StartDefaultTask
                0x080007f0       0x10 ./Core/Src/freertos.o
                0x080007f0                StartDefaultTask
 .text.MX_GPIO_Init
                0x08000800       0xfc ./Core/Src/gpio.o
                0x08000800                MX_GPIO_Init
 .text.mypow10  0x080008fc       0x34 ./Core/Src/gui.o
 .text.LCD_ShowChar
                0x08000930      0x166 ./Core/Src/gui.o
                0x08000930                LCD_ShowChar
 *fill*         0x08000a96        0x2 
 .text.LCD_ShowNum
                0x08000a98      0x10c ./Core/Src/gui.o
                0x08000a98                LCD_ShowNum
 .text.Show_Str
                0x08000ba4      0x116 ./Core/Src/gui.o
                0x08000ba4                Show_Str
 *fill*         0x08000cba        0x2 
 .text.wr8      0x08000cbc       0x24 ./Core/Src/lcd.o
 .text.wr16     0x08000ce0       0x38 ./Core/Src/lcd.o
 .text.cmd      0x08000d18       0x3c ./Core/Src/lcd.o
 .text.data8    0x08000d54       0x3c ./Core/Src/lcd.o
 .text.data16_rep
                0x08000d90       0x68 ./Core/Src/lcd.o
 .text.hw_reset
                0x08000df8       0x30 ./Core/Src/lcd.o
 .text.set_window
                0x08000e28       0x98 ./Core/Src/lcd.o
 .text.set_madctl_by_rot
                0x08000ec0       0x88 ./Core/Src/lcd.o
 .text.LCD_Width
                0x08000f48       0x18 ./Core/Src/lcd.o
                0x08000f48                LCD_Width
 .text.LCD_Height
                0x08000f60       0x18 ./Core/Src/lcd.o
                0x08000f60                LCD_Height
 .text.LCD_Init
                0x08000f78      0x20a ./Core/Src/lcd.o
                0x08000f78                LCD_Init
 *fill*         0x08001182        0x2 
 .text.LCD_Clear
                0x08001184       0x4c ./Core/Src/lcd.o
                0x08001184                LCD_Clear
 .text.LCD_DrawPixel
                0x080011d0       0x70 ./Core/Src/lcd.o
                0x080011d0                LCD_DrawPixel
 .text.LCD_FillRect
                0x08001240       0xa8 ./Core/Src/lcd.o
                0x08001240                LCD_FillRect
 .text.led_on   0x080012e8       0x28 ./Core/Src/led.o
                0x080012e8                led_on
 .text.main     0x08001310       0x4a ./Core/Src/main.o
                0x08001310                main
 *fill*         0x0800135a        0x2 
 .text.SystemClock_Config
                0x0800135c       0xd0 ./Core/Src/main.o
                0x0800135c                SystemClock_Config
 .text.HAL_TIM_PeriodElapsedCallback
                0x0800142c       0x24 ./Core/Src/main.o
                0x0800142c                HAL_TIM_PeriodElapsedCallback
 .text.Error_Handler
                0x08001450        0xc ./Core/Src/main.o
                0x08001450                Error_Handler
 .text.servo_write_us
                0x0800145c       0x40 ./Core/Src/micro_wave_oven.o
 .text.power_display
                0x0800149c       0x70 ./Core/Src/micro_wave_oven.o
                0x0800149c                power_display
 .text.micro_wave_init
                0x0800150c      0x150 ./Core/Src/micro_wave_oven.o
                0x0800150c                micro_wave_init
 .text.MX_SPI1_Init
                0x0800165c       0x6c ./Core/Src/spi.o
                0x0800165c                MX_SPI1_Init
 .text.HAL_SPI_MspInit
                0x080016c8       0x90 ./Core/Src/spi.o
                0x080016c8                HAL_SPI_MspInit
 .text.HAL_MspInit
                0x08001758       0x58 ./Core/Src/stm32f4xx_hal_msp.o
                0x08001758                HAL_MspInit
 .text.HAL_InitTick
                0x080017b0       0xf8 ./Core/Src/stm32f4xx_hal_timebase_tim.o
                0x080017b0                HAL_InitTick
 .text.NMI_Handler
                0x080018a8        0x8 ./Core/Src/stm32f4xx_it.o
                0x080018a8                NMI_Handler
 .text.HardFault_Handler
                0x080018b0        0x8 ./Core/Src/stm32f4xx_it.o
                0x080018b0                HardFault_Handler
 .text.MemManage_Handler
                0x080018b8        0x8 ./Core/Src/stm32f4xx_it.o
                0x080018b8                MemManage_Handler
 .text.BusFault_Handler
                0x080018c0        0x8 ./Core/Src/stm32f4xx_it.o
                0x080018c0                BusFault_Handler
 .text.UsageFault_Handler
                0x080018c8        0x8 ./Core/Src/stm32f4xx_it.o
                0x080018c8                UsageFault_Handler
 .text.DebugMon_Handler
                0x080018d0        0xe ./Core/Src/stm32f4xx_it.o
                0x080018d0                DebugMon_Handler
 .text.EXTI1_IRQHandler
                0x080018de        0xe ./Core/Src/stm32f4xx_it.o
                0x080018de                EXTI1_IRQHandler
 .text.DMA1_Stream5_IRQHandler
                0x080018ec       0x14 ./Core/Src/stm32f4xx_it.o
                0x080018ec                DMA1_Stream5_IRQHandler
 .text.TIM4_IRQHandler
                0x08001900       0x14 ./Core/Src/stm32f4xx_it.o
                0x08001900                TIM4_IRQHandler
 .text.USART2_IRQHandler
                0x08001914       0x14 ./Core/Src/stm32f4xx_it.o
                0x08001914                USART2_IRQHandler
 .text.EXTI15_10_IRQHandler
                0x08001928       0x10 ./Core/Src/stm32f4xx_it.o
                0x08001928                EXTI15_10_IRQHandler
 .text.TIM6_DAC_IRQHandler
                0x08001938       0x14 ./Core/Src/stm32f4xx_it.o
                0x08001938                TIM6_DAC_IRQHandler
 .text.SystemInit
                0x0800194c       0x24 ./Core/Src/system_stm32f4xx.o
                0x0800194c                SystemInit
 .text.MX_TIM2_Init
                0x08001970       0xec ./Core/Src/tim.o
                0x08001970                MX_TIM2_Init
 .text.MX_TIM3_Init
                0x08001a5c       0xc8 ./Core/Src/tim.o
                0x08001a5c                MX_TIM3_Init
 .text.MX_TIM4_Init
                0x08001b24       0x9c ./Core/Src/tim.o
                0x08001b24                MX_TIM4_Init
 .text.HAL_TIM_Base_MspInit
                0x08001bc0       0x78 ./Core/Src/tim.o
                0x08001bc0                HAL_TIM_Base_MspInit
 .text.HAL_TIM_PWM_MspInit
                0x08001c38       0x44 ./Core/Src/tim.o
                0x08001c38                HAL_TIM_PWM_MspInit
 .text.HAL_TIM_MspPostInit
                0x08001c7c      0x100 ./Core/Src/tim.o
                0x08001c7c                HAL_TIM_MspPostInit
 .text.MX_USART2_UART_Init
                0x08001d7c       0x54 ./Core/Src/usart.o
                0x08001d7c                MX_USART2_UART_Init
 .text.HAL_UART_MspInit
                0x08001dd0      0x108 ./Core/Src/usart.o
                0x08001dd0                HAL_UART_MspInit
 .text.Reset_Handler
                0x08001ed8       0x50 ./Core/Startup/startup_stm32f407vgtx.o
                0x08001ed8                Reset_Handler
 .text.Default_Handler
                0x08001f28        0x2 ./Core/Startup/startup_stm32f407vgtx.o
                0x08001f28                RTC_Alarm_IRQHandler
                0x08001f28                HASH_RNG_IRQHandler
                0x08001f28                EXTI2_IRQHandler
                0x08001f28                TIM8_CC_IRQHandler
                0x08001f28                TIM1_CC_IRQHandler
                0x08001f28                DMA2_Stream5_IRQHandler
                0x08001f28                PVD_IRQHandler
                0x08001f28                SDIO_IRQHandler
                0x08001f28                TAMP_STAMP_IRQHandler
                0x08001f28                CAN2_RX1_IRQHandler
                0x08001f28                EXTI3_IRQHandler
                0x08001f28                TIM8_TRG_COM_TIM14_IRQHandler
                0x08001f28                TIM1_UP_TIM10_IRQHandler
                0x08001f28                TIM8_UP_TIM13_IRQHandler
                0x08001f28                I2C3_ER_IRQHandler
                0x08001f28                EXTI0_IRQHandler
                0x08001f28                I2C2_EV_IRQHandler
                0x08001f28                DMA1_Stream2_IRQHandler
                0x08001f28                CAN1_RX0_IRQHandler
                0x08001f28                FPU_IRQHandler
                0x08001f28                OTG_HS_WKUP_IRQHandler
                0x08001f28                CAN2_SCE_IRQHandler
                0x08001f28                DMA2_Stream2_IRQHandler
                0x08001f28                SPI1_IRQHandler
                0x08001f28                TIM1_BRK_TIM9_IRQHandler
                0x08001f28                DCMI_IRQHandler
                0x08001f28                CAN2_RX0_IRQHandler
                0x08001f28                DMA2_Stream3_IRQHandler
                0x08001f28                USART6_IRQHandler
                0x08001f28                USART3_IRQHandler
                0x08001f28                CAN1_RX1_IRQHandler
                0x08001f28                UART5_IRQHandler
                0x08001f28                DMA2_Stream0_IRQHandler
                0x08001f28                I2C1_EV_IRQHandler
                0x08001f28                DMA1_Stream6_IRQHandler
                0x08001f28                DMA1_Stream1_IRQHandler
                0x08001f28                UART4_IRQHandler
                0x08001f28                TIM3_IRQHandler
                0x08001f28                RCC_IRQHandler
                0x08001f28                TIM8_BRK_TIM12_IRQHandler
                0x08001f28                Default_Handler
                0x08001f28                ADC_IRQHandler
                0x08001f28                DMA1_Stream7_IRQHandler
                0x08001f28                TIM7_IRQHandler
                0x08001f28                CAN2_TX_IRQHandler
                0x08001f28                TIM5_IRQHandler
                0x08001f28                DMA2_Stream7_IRQHandler
                0x08001f28                I2C3_EV_IRQHandler
                0x08001f28                EXTI9_5_IRQHandler
                0x08001f28                RTC_WKUP_IRQHandler
                0x08001f28                ETH_WKUP_IRQHandler
                0x08001f28                SPI2_IRQHandler
                0x08001f28                OTG_HS_EP1_IN_IRQHandler
                0x08001f28                DMA1_Stream0_IRQHandler
                0x08001f28                CAN1_TX_IRQHandler
                0x08001f28                EXTI4_IRQHandler
                0x08001f28                FSMC_IRQHandler
                0x08001f28                ETH_IRQHandler
                0x08001f28                OTG_HS_EP1_OUT_IRQHandler
                0x08001f28                WWDG_IRQHandler
                0x08001f28                TIM2_IRQHandler
                0x08001f28                OTG_FS_WKUP_IRQHandler
                0x08001f28                TIM1_TRG_COM_TIM11_IRQHandler
                0x08001f28                OTG_HS_IRQHandler
                0x08001f28                I2C2_ER_IRQHandler
                0x08001f28                DMA2_Stream1_IRQHandler
                0x08001f28                CAN1_SCE_IRQHandler
                0x08001f28                FLASH_IRQHandler
                0x08001f28                DMA2_Stream4_IRQHandler
                0x08001f28                USART1_IRQHandler
                0x08001f28                OTG_FS_IRQHandler
                0x08001f28                SPI3_IRQHandler
                0x08001f28                DMA1_Stream4_IRQHandler
                0x08001f28                I2C1_ER_IRQHandler
                0x08001f28                DMA2_Stream6_IRQHandler
                0x08001f28                DMA1_Stream3_IRQHandler
 *fill*         0x08001f2a        0x2 
 .text.HAL_Init
                0x08001f2c       0x44 ./Drivers/STM32F4xx_HAL_Driver/Src/stm32f4xx_hal.o
                0x08001f2c                HAL_Init
 .text.HAL_IncTick
                0x08001f70       0x28 ./Drivers/STM32F4xx_HAL_Driver/Src/stm32f4xx_hal.o
                0x08001f70                HAL_IncTick
 .text.HAL_GetTick
                0x08001f98       0x18 ./Drivers/STM32F4xx_HAL_Driver/Src/stm32f4xx_hal.o
                0x08001f98                HAL_GetTick
 .text.HAL_Delay
                0x08001fb0       0x48 ./Drivers/STM32F4xx_HAL_Driver/Src/stm32f4xx_hal.o
                0x08001fb0                HAL_Delay
 .text.__NVIC_SetPriorityGrouping
                0x08001ff8       0x48 ./Drivers/STM32F4xx_HAL_Driver/Src/stm32f4xx_hal_cortex.o
 .text.__NVIC_GetPriorityGrouping
                0x08002040       0x1c ./Drivers/STM32F4xx_HAL_Driver/Src/stm32f4xx_hal_cortex.o
 .text.__NVIC_EnableIRQ
                0x0800205c       0x3c ./Drivers/STM32F4xx_HAL_Driver/Src/stm32f4xx_hal_cortex.o
 .text.__NVIC_SetPriority
                0x08002098       0x54 ./Drivers/STM32F4xx_HAL_Driver/Src/stm32f4xx_hal_cortex.o
 .text.NVIC_EncodePriority
                0x080020ec       0x66 ./Drivers/STM32F4xx_HAL_Driver/Src/stm32f4xx_hal_cortex.o
 .text.HAL_NVIC_SetPriorityGrouping
                0x08002152       0x16 ./Drivers/STM32F4xx_HAL_Driver/Src/stm32f4xx_hal_cortex.o
                0x08002152                HAL_NVIC_SetPriorityGrouping
 .text.HAL_NVIC_SetPriority
                0x08002168       0x38 ./Drivers/STM32F4xx_HAL_Driver/Src/stm32f4xx_hal_cortex.o
                0x08002168                HAL_NVIC_SetPriority
 .text.HAL_NVIC_EnableIRQ
                0x080021a0       0x1c ./Drivers/STM32F4xx_HAL_Driver/Src/stm32f4xx_hal_cortex.o
                0x080021a0                HAL_NVIC_EnableIRQ
 .text.HAL_DMA_Init
                0x080021bc      0x15c ./Drivers/STM32F4xx_HAL_Driver/Src/stm32f4xx_hal_dma.o
                0x080021bc                HAL_DMA_Init
 .text.HAL_DMA_Abort
                0x08002318       0xe0 ./Drivers/STM32F4xx_HAL_Driver/Src/stm32f4xx_hal_dma.o
                0x08002318                HAL_DMA_Abort
 .text.HAL_DMA_Abort_IT
                0x080023f8       0x44 ./Drivers/STM32F4xx_HAL_Driver/Src/stm32f4xx_hal_dma.o
                0x080023f8                HAL_DMA_Abort_IT
 .text.HAL_DMA_IRQHandler
                0x0800243c      0x314 ./Drivers/STM32F4xx_HAL_Driver/Src/stm32f4xx_hal_dma.o
                0x0800243c                HAL_DMA_IRQHandler
 .text.DMA_CalcBaseAndBitshift
                0x08002750       0x6c ./Drivers/STM32F4xx_HAL_Driver/Src/stm32f4xx_hal_dma.o
 .text.DMA_CheckFifoParam
                0x080027bc       0xf8 ./Drivers/STM32F4xx_HAL_Driver/Src/stm32f4xx_hal_dma.o
 .text.HAL_GPIO_Init
                0x080028b4      0x338 ./Drivers/STM32F4xx_HAL_Driver/Src/stm32f4xx_hal_gpio.o
                0x080028b4                HAL_GPIO_Init
 .text.HAL_GPIO_WritePin
                0x08002bec       0x32 ./Drivers/STM32F4xx_HAL_Driver/Src/stm32f4xx_hal_gpio.o
                0x08002bec                HAL_GPIO_WritePin
 *fill*         0x08002c1e        0x2 
 .text.HAL_GPIO_EXTI_IRQHandler
                0x08002c20       0x30 ./Drivers/STM32F4xx_HAL_Driver/Src/stm32f4xx_hal_gpio.o
                0x08002c20                HAL_GPIO_EXTI_IRQHandler
 .text.HAL_GPIO_EXTI_Callback
                0x08002c50       0x16 ./Drivers/STM32F4xx_HAL_Driver/Src/stm32f4xx_hal_gpio.o
                0x08002c50                HAL_GPIO_EXTI_Callback
 *fill*         0x08002c66        0x2 
 .text.HAL_RCC_OscConfig
                0x08002c68      0x4f0 ./Drivers/STM32F4xx_HAL_Driver/Src/stm32f4xx_hal_rcc.o
                0x08002c68                HAL_RCC_OscConfig
 .text.HAL_RCC_ClockConfig
                0x08003158      0x1cc ./Drivers/STM32F4xx_HAL_Driver/Src/stm32f4xx_hal_rcc.o
                0x08003158                HAL_RCC_ClockConfig
 .text.HAL_RCC_GetSysClockFreq
                0x08003324      0x20c ./Drivers/STM32F4xx_HAL_Driver/Src/stm32f4xx_hal_rcc.o
                0x08003324                HAL_RCC_GetSysClockFreq
 .text.HAL_RCC_GetHCLKFreq
                0x08003530       0x18 ./Drivers/STM32F4xx_HAL_Driver/Src/stm32f4xx_hal_rcc.o
                0x08003530                HAL_RCC_GetHCLKFreq
 .text.HAL_RCC_GetPCLK1Freq
                0x08003548       0x28 ./Drivers/STM32F4xx_HAL_Driver/Src/stm32f4xx_hal_rcc.o
                0x08003548                HAL_RCC_GetPCLK1Freq
 .text.HAL_RCC_GetPCLK2Freq
                0x08003570       0x28 ./Drivers/STM32F4xx_HAL_Driver/Src/stm32f4xx_hal_rcc.o
                0x08003570                HAL_RCC_GetPCLK2Freq
 .text.HAL_RCC_GetClockConfig
                0x08003598       0x64 ./Drivers/STM32F4xx_HAL_Driver/Src/stm32f4xx_hal_rcc.o
                0x08003598                HAL_RCC_GetClockConfig
 .text.HAL_SPI_Init
                0x080035fc      0x112 ./Drivers/STM32F4xx_HAL_Driver/Src/stm32f4xx_hal_spi.o
                0x080035fc                HAL_SPI_Init
 .text.HAL_SPI_Transmit
                0x0800370e      0x288 ./Drivers/STM32F4xx_HAL_Driver/Src/stm32f4xx_hal_spi.o
                0x0800370e                HAL_SPI_Transmit
 *fill*         0x08003996        0x2 
 .text.SPI_WaitFlagStateUntilTimeout
                0x08003998      0x110 ./Drivers/STM32F4xx_HAL_Driver/Src/stm32f4xx_hal_spi.o
 .text.SPI_EndRxTxTransaction
                0x08003aa8       0xa8 ./Drivers/STM32F4xx_HAL_Driver/Src/stm32f4xx_hal_spi.o
 .text.HAL_TIM_Base_Init
                0x08003b50       0x9e ./Drivers/STM32F4xx_HAL_Driver/Src/stm32f4xx_hal_tim.o
                0x08003b50                HAL_TIM_Base_Init
 *fill*         0x08003bee        0x2 
 .text.HAL_TIM_Base_Start_IT
                0x08003bf0       0xe0 ./Drivers/STM32F4xx_HAL_Driver/Src/stm32f4xx_hal_tim.o
                0x08003bf0                HAL_TIM_Base_Start_IT
 .text.HAL_TIM_Base_Stop_IT
                0x08003cd0       0x5e ./Drivers/STM32F4xx_HAL_Driver/Src/stm32f4xx_hal_tim.o
                0x08003cd0                HAL_TIM_Base_Stop_IT
 .text.HAL_TIM_PWM_Init
                0x08003d2e       0x9e ./Drivers/STM32F4xx_HAL_Driver/Src/stm32f4xx_hal_tim.o
                0x08003d2e                HAL_TIM_PWM_Init
 .text.HAL_TIM_PWM_Start
                0x08003dcc      0x190 ./Drivers/STM32F4xx_HAL_Driver/Src/stm32f4xx_hal_tim.o
                0x08003dcc                HAL_TIM_PWM_Start
 .text.HAL_TIM_IRQHandler
                0x08003f5c      0x1e0 ./Drivers/STM32F4xx_HAL_Driver/Src/stm32f4xx_hal_tim.o
                0x08003f5c                HAL_TIM_IRQHandler
 .text.HAL_TIM_PWM_ConfigChannel
                0x0800413c      0x184 ./Drivers/STM32F4xx_HAL_Driver/Src/stm32f4xx_hal_tim.o
                0x0800413c                HAL_TIM_PWM_ConfigChannel
 .text.HAL_TIM_ConfigClockSource
                0x080042c0      0x18e ./Drivers/STM32F4xx_HAL_Driver/Src/stm32f4xx_hal_tim.o
                0x080042c0                HAL_TIM_ConfigClockSource
 .text.HAL_TIM_OC_DelayElapsedCallback
                0x0800444e       0x14 ./Drivers/STM32F4xx_HAL_Driver/Src/stm32f4xx_hal_tim.o
                0x0800444e                HAL_TIM_OC_DelayElapsedCallback
 .text.HAL_TIM_IC_CaptureCallback
                0x08004462       0x14 ./Drivers/STM32F4xx_HAL_Driver/Src/stm32f4xx_hal_tim.o
                0x08004462                HAL_TIM_IC_CaptureCallback
 .text.HAL_TIM_PWM_PulseFinishedCallback
                0x08004476       0x14 ./Drivers/STM32F4xx_HAL_Driver/Src/stm32f4xx_hal_tim.o
                0x08004476                HAL_TIM_PWM_PulseFinishedCallback
 .text.HAL_TIM_TriggerCallback
                0x0800448a       0x14 ./Drivers/STM32F4xx_HAL_Driver/Src/stm32f4xx_hal_tim.o
                0x0800448a                HAL_TIM_TriggerCallback
 *fill*         0x0800449e        0x2 
 .text.TIM_Base_SetConfig
                0x080044a0      0x14c ./Drivers/STM32F4xx_HAL_Driver/Src/stm32f4xx_hal_tim.o
                0x080044a0                TIM_Base_SetConfig
 .text.TIM_OC1_SetConfig
                0x080045ec       0xe0 ./Drivers/STM32F4xx_HAL_Driver/Src/stm32f4xx_hal_tim.o
 .text.TIM_OC2_SetConfig
                0x080046cc       0xec ./Drivers/STM32F4xx_HAL_Driver/Src/stm32f4xx_hal_tim.o
                0x080046cc                TIM_OC2_SetConfig
 .text.TIM_OC3_SetConfig
                0x080047b8       0xe8 ./Drivers/STM32F4xx_HAL_Driver/Src/stm32f4xx_hal_tim.o
 .text.TIM_OC4_SetConfig
                0x080048a0       0xac ./Drivers/STM32F4xx_HAL_Driver/Src/stm32f4xx_hal_tim.o
 .text.TIM_TI1_ConfigInputStage
                0x0800494c       0x5e ./Drivers/STM32F4xx_HAL_Driver/Src/stm32f4xx_hal_tim.o
 .text.TIM_TI2_ConfigInputStage
                0x080049aa       0x60 ./Drivers/STM32F4xx_HAL_Driver/Src/stm32f4xx_hal_tim.o
 .text.TIM_ITRx_SetConfig
                0x08004a0a       0x36 ./Drivers/STM32F4xx_HAL_Driver/Src/stm32f4xx_hal_tim.o
 .text.TIM_ETR_SetConfig
                0x08004a40       0x40 ./Drivers/STM32F4xx_HAL_Driver/Src/stm32f4xx_hal_tim.o
                0x08004a40                TIM_ETR_SetConfig
 .text.TIM_CCxChannelCmd
                0x08004a80       0x4a ./Drivers/STM32F4xx_HAL_Driver/Src/stm32f4xx_hal_tim.o
                0x08004a80                TIM_CCxChannelCmd
 *fill*         0x08004aca        0x2 
 .text.HAL_TIMEx_MasterConfigSynchronization
                0x08004acc       0xf8 ./Drivers/STM32F4xx_HAL_Driver/Src/stm32f4xx_hal_tim_ex.o
                0x08004acc                HAL_TIMEx_MasterConfigSynchronization
 .text.HAL_TIMEx_CommutCallback
                0x08004bc4       0x14 ./Drivers/STM32F4xx_HAL_Driver/Src/stm32f4xx_hal_tim_ex.o
                0x08004bc4                HAL_TIMEx_CommutCallback
 .text.HAL_TIMEx_BreakCallback
                0x08004bd8       0x14 ./Drivers/STM32F4xx_HAL_Driver/Src/stm32f4xx_hal_tim_ex.o
                0x08004bd8                HAL_TIMEx_BreakCallback
 .text.HAL_UART_Init
                0x08004bec       0xa0 ./Drivers/STM32F4xx_HAL_Driver/Src/stm32f4xx_hal_uart.o
                0x08004bec                HAL_UART_Init
 .text.HAL_UART_IRQHandler
                0x08004c8c      0x554 ./Drivers/STM32F4xx_HAL_Driver/Src/stm32f4xx_hal_uart.o
                0x08004c8c                HAL_UART_IRQHandler
 .text.HAL_UART_TxCpltCallback
                0x080051e0       0x14 ./Drivers/STM32F4xx_HAL_Driver/Src/stm32f4xx_hal_uart.o
                0x080051e0                HAL_UART_TxCpltCallback
 .text.HAL_UART_RxCpltCallback
                0x080051f4       0x14 ./Drivers/STM32F4xx_HAL_Driver/Src/stm32f4xx_hal_uart.o
                0x080051f4                HAL_UART_RxCpltCallback
 .text.HAL_UART_ErrorCallback
                0x08005208       0x14 ./Drivers/STM32F4xx_HAL_Driver/Src/stm32f4xx_hal_uart.o
                0x08005208                HAL_UART_ErrorCallback
 .text.HAL_UARTEx_RxEventCallback
                0x0800521c       0x18 ./Drivers/STM32F4xx_HAL_Driver/Src/stm32f4xx_hal_uart.o
                0x0800521c                HAL_UARTEx_RxEventCallback
 .text.UART_EndRxTransfer
                0x08005234       0xc6 ./Drivers/STM32F4xx_HAL_Driver/Src/stm32f4xx_hal_uart.o
 .text.UART_DMAAbortOnError
                0x080052fa       0x22 ./Drivers/STM32F4xx_HAL_Driver/Src/stm32f4xx_hal_uart.o
 .text.UART_Transmit_IT
                0x0800531c       0xa0 ./Drivers/STM32F4xx_HAL_Driver/Src/stm32f4xx_hal_uart.o
 .text.UART_EndTransmit_IT
                0x080053bc       0x30 ./Drivers/STM32F4xx_HAL_Driver/Src/stm32f4xx_hal_uart.o
 .text.UART_Receive_IT
                0x080053ec      0x17c ./Drivers/STM32F4xx_HAL_Driver/Src/stm32f4xx_hal_uart.o
 .text.UART_SetConfig
                0x08005568      0x4e8 ./Drivers/STM32F4xx_HAL_Driver/Src/stm32f4xx_hal_uart.o
 .text.__NVIC_SetPriority
                0x08005a50       0x54 ./Middlewares/Third_Party/FreeRTOS/Source/CMSIS_RTOS_V2/cmsis_os2.o
 .text.SysTick_Handler
                0x08005aa4       0x20 ./Middlewares/Third_Party/FreeRTOS/Source/CMSIS_RTOS_V2/cmsis_os2.o
                0x08005aa4                SysTick_Handler
 .text.SVC_Setup
                0x08005ac4       0x12 ./Middlewares/Third_Party/FreeRTOS/Source/CMSIS_RTOS_V2/cmsis_os2.o
 *fill*         0x08005ad6        0x2 
 .text.osKernelInitialize
                0x08005ad8       0x48 ./Middlewares/Third_Party/FreeRTOS/Source/CMSIS_RTOS_V2/cmsis_os2.o
                0x08005ad8                osKernelInitialize
 .text.osKernelStart
                0x08005b20       0x4c ./Middlewares/Third_Party/FreeRTOS/Source/CMSIS_RTOS_V2/cmsis_os2.o
                0x08005b20                osKernelStart
 .text.osThreadNew
                0x08005b6c      0x124 ./Middlewares/Third_Party/FreeRTOS/Source/CMSIS_RTOS_V2/cmsis_os2.o
                0x08005b6c                osThreadNew
 .text.osDelay  0x08005c90       0x36 ./Middlewares/Third_Party/FreeRTOS/Source/CMSIS_RTOS_V2/cmsis_os2.o
                0x08005c90                osDelay
 *fill*         0x08005cc6        0x2 
 .text.vApplicationGetIdleTaskMemory
                0x08005cc8       0x34 ./Middlewares/Third_Party/FreeRTOS/Source/CMSIS_RTOS_V2/cmsis_os2.o
                0x08005cc8                vApplicationGetIdleTaskMemory
 .text.vApplicationGetTimerTaskMemory
                0x08005cfc       0x34 ./Middlewares/Third_Party/FreeRTOS/Source/CMSIS_RTOS_V2/cmsis_os2.o
                0x08005cfc                vApplicationGetTimerTaskMemory
 .text.vListInitialise
                0x08005d30       0x40 ./Middlewares/Third_Party/FreeRTOS/Source/list.o
                0x08005d30                vListInitialise
 .text.vListInitialiseItem
                0x08005d70       0x1a ./Middlewares/Third_Party/FreeRTOS/Source/list.o
                0x08005d70                vListInitialiseItem
 .text.vListInsertEnd
                0x08005d8a       0x48 ./Middlewares/Third_Party/FreeRTOS/Source/list.o
                0x08005d8a                vListInsertEnd
 .text.vListInsert
                0x08005dd2       0x72 ./Middlewares/Third_Party/FreeRTOS/Source/list.o
                0x08005dd2                vListInsert
 .text.uxListRemove
                0x08005e44       0x54 ./Middlewares/Third_Party/FreeRTOS/Source/list.o
                0x08005e44                uxListRemove
 .text.xQueueGenericReset
                0x08005e98       0xd4 ./Middlewares/Third_Party/FreeRTOS/Source/queue.o
                0x08005e98                xQueueGenericReset
 .text.xQueueGenericCreateStatic
                0x08005f6c       0xfa ./Middlewares/Third_Party/FreeRTOS/Source/queue.o
                0x08005f6c                xQueueGenericCreateStatic
 .text.prvInitialiseNewQueue
                0x08006066       0x46 ./Middlewares/Third_Party/FreeRTOS/Source/queue.o
 .text.xQueueGenericSend
                0x080060ac      0x204 ./Middlewares/Third_Party/FreeRTOS/Source/queue.o
                0x080060ac                xQueueGenericSend
 .text.xQueueGenericSendFromISR
                0x080062b0      0x13c ./Middlewares/Third_Party/FreeRTOS/Source/queue.o
                0x080062b0                xQueueGenericSendFromISR
 .text.xQueueReceive
                0x080063ec      0x1c4 ./Middlewares/Third_Party/FreeRTOS/Source/queue.o
                0x080063ec                xQueueReceive
 .text.prvCopyDataToQueue
                0x080065b0       0xd4 ./Middlewares/Third_Party/FreeRTOS/Source/queue.o
 .text.prvCopyDataFromQueue
                0x08006684       0x4c ./Middlewares/Third_Party/FreeRTOS/Source/queue.o
 .text.prvUnlockQueue
                0x080066d0       0xa4 ./Middlewares/Third_Party/FreeRTOS/Source/queue.o
 .text.prvIsQueueEmpty
                0x08006774       0x2c ./Middlewares/Third_Party/FreeRTOS/Source/queue.o
 .text.prvIsQueueFull
                0x080067a0       0x30 ./Middlewares/Third_Party/FreeRTOS/Source/queue.o
 .text.vQueueAddToRegistry
                0x080067d0       0x54 ./Middlewares/Third_Party/FreeRTOS/Source/queue.o
                0x080067d0                vQueueAddToRegistry
 .text.vQueueWaitForMessageRestricted
                0x08006824       0x68 ./Middlewares/Third_Party/FreeRTOS/Source/queue.o
                0x08006824                vQueueWaitForMessageRestricted
 .text.xTaskCreateStatic
                0x0800688c       0xc0 ./Middlewares/Third_Party/FreeRTOS/Source/tasks.o
                0x0800688c                xTaskCreateStatic
 .text.xTaskCreate
                0x0800694c       0x8a ./Middlewares/Third_Party/FreeRTOS/Source/tasks.o
                0x0800694c                xTaskCreate
 *fill*         0x080069d6        0x2 
 .text.prvInitialiseNewTask
                0x080069d8      0x150 ./Middlewares/Third_Party/FreeRTOS/Source/tasks.o
 .text.prvAddNewTaskToReadyList
                0x08006b28       0xe0 ./Middlewares/Third_Party/FreeRTOS/Source/tasks.o
 .text.vTaskDelay
                0x08006c08       0x6c ./Middlewares/Third_Party/FreeRTOS/Source/tasks.o
                0x08006c08                vTaskDelay
 .text.vTaskStartScheduler
                0x08006c74       0xe0 ./Middlewares/Third_Party/FreeRTOS/Source/tasks.o
                0x08006c74                vTaskStartScheduler
 .text.vTaskSuspendAll
                0x08006d54       0x1c ./Middlewares/Third_Party/FreeRTOS/Source/tasks.o
                0x08006d54                vTaskSuspendAll
 .text.xTaskResumeAll
                0x08006d70      0x13c ./Middlewares/Third_Party/FreeRTOS/Source/tasks.o
                0x08006d70                xTaskResumeAll
 .text.xTaskGetTickCount
                0x08006eac       0x20 ./Middlewares/Third_Party/FreeRTOS/Source/tasks.o
                0x08006eac                xTaskGetTickCount
 .text.xTaskIncrementTick
                0x08006ecc      0x174 ./Middlewares/Third_Party/FreeRTOS/Source/tasks.o
                0x08006ecc                xTaskIncrementTick
 .text.vTaskSwitchContext
                0x08007040       0xcc ./Middlewares/Third_Party/FreeRTOS/Source/tasks.o
                0x08007040                vTaskSwitchContext
 .text.vTaskPlaceOnEventList
                0x0800710c       0x4c ./Middlewares/Third_Party/FreeRTOS/Source/tasks.o
                0x0800710c                vTaskPlaceOnEventList
 .text.vTaskPlaceOnEventListRestricted
                0x08007158       0x58 ./Middlewares/Third_Party/FreeRTOS/Source/tasks.o
                0x08007158                vTaskPlaceOnEventListRestricted
 .text.xTaskRemoveFromEventList
                0x080071b0       0xc8 ./Middlewares/Third_Party/FreeRTOS/Source/tasks.o
                0x080071b0                xTaskRemoveFromEventList
 .text.vTaskInternalSetTimeOutState
                0x08007278       0x2c ./Middlewares/Third_Party/FreeRTOS/Source/tasks.o
                0x08007278                vTaskInternalSetTimeOutState
 .text.xTaskCheckForTimeOut
                0x080072a4       0xc8 ./Middlewares/Third_Party/FreeRTOS/Source/tasks.o
                0x080072a4                xTaskCheckForTimeOut
 .text.vTaskMissedYield
                0x0800736c       0x18 ./Middlewares/Third_Party/FreeRTOS/Source/tasks.o
                0x0800736c                vTaskMissedYield
 .text.prvIdleTask
                0x08007384       0x30 ./Middlewares/Third_Party/FreeRTOS/Source/tasks.o
 .text.prvInitialiseTaskLists
                0x080073b4       0x80 ./Middlewares/Third_Party/FreeRTOS/Source/tasks.o
 .text.prvCheckTasksWaitingTermination
                0x08007434       0x5c ./Middlewares/Third_Party/FreeRTOS/Source/tasks.o
 .text.prvDeleteTCB
                0x08007490       0x6a ./Middlewares/Third_Party/FreeRTOS/Source/tasks.o
 *fill*         0x080074fa        0x2 
 .text.prvResetNextTaskUnblockTime
                0x080074fc       0x40 ./Middlewares/Third_Party/FreeRTOS/Source/tasks.o
 .text.xTaskGetSchedulerState
                0x0800753c       0x3c ./Middlewares/Third_Party/FreeRTOS/Source/tasks.o
                0x0800753c                xTaskGetSchedulerState
 .text.xTaskPriorityDisinherit
                0x08007578       0xe0 ./Middlewares/Third_Party/FreeRTOS/Source/tasks.o
                0x08007578                xTaskPriorityDisinherit
 .text.prvAddCurrentTaskToDelayedList
                0x08007658       0xa8 ./Middlewares/Third_Party/FreeRTOS/Source/tasks.o
 .text.xTimerCreateTimerTask
                0x08007700       0x94 ./Middlewares/Third_Party/FreeRTOS/Source/timers.o
                0x08007700                xTimerCreateTimerTask
 .text.xTimerGenericCommand
                0x08007794       0x9c ./Middlewares/Third_Party/FreeRTOS/Source/timers.o
                0x08007794                xTimerGenericCommand
 .text.prvProcessExpiredTimer
                0x08007830       0x9c ./Middlewares/Third_Party/FreeRTOS/Source/timers.o
 .text.prvTimerTask
                0x080078cc       0x26 ./Middlewares/Third_Party/FreeRTOS/Source/timers.o
 *fill*         0x080078f2        0x2 
 .text.prvProcessTimerOrBlockTask
                0x080078f4       0x9c ./Middlewares/Third_Party/FreeRTOS/Source/timers.o
 .text.prvGetNextExpireTime
                0x08007990       0x48 ./Middlewares/Third_Party/FreeRTOS/Source/timers.o
 .text.prvSampleTimeNow
                0x080079d8       0x40 ./Middlewares/Third_Party/FreeRTOS/Source/timers.o
 .text.prvInsertTimerInActiveList
                0x08007a18       0x84 ./Middlewares/Third_Party/FreeRTOS/Source/timers.o
 .text.prvProcessReceivedCommands
                0x08007a9c      0x1cc ./Middlewares/Third_Party/FreeRTOS/Source/timers.o
 .text.prvSwitchTimerLists
                0x08007c68       0xcc ./Middlewares/Third_Party/FreeRTOS/Source/timers.o
 .text.prvCheckForValidListAndQueue
                0x08007d34       0x80 ./Middlewares/Third_Party/FreeRTOS/Source/timers.o
 .text.pxPortInitialiseStack
                0x08007db4       0x68 ./Middlewares/Third_Party/FreeRTOS/Source/portable/GCC/ARM_CM4F/port.o
                0x08007db4                pxPortInitialiseStack
 .text.prvTaskExitError
                0x08007e1c       0x5c ./Middlewares/Third_Party/FreeRTOS/Source/portable/GCC/ARM_CM4F/port.o
 *fill*         0x08007e78        0x8 
 .text.SVC_Handler
                0x08007e80       0x28 ./Middlewares/Third_Party/FreeRTOS/Source/portable/GCC/ARM_CM4F/port.o
                0x08007e80                SVC_Handler
 .text.prvPortStartFirstTask
                0x08007ea8       0x28 ./Middlewares/Third_Party/FreeRTOS/Source/portable/GCC/ARM_CM4F/port.o
 .text.xPortStartScheduler
                0x08007ed0      0x148 ./Middlewares/Third_Party/FreeRTOS/Source/portable/GCC/ARM_CM4F/port.o
                0x08007ed0                xPortStartScheduler
 .text.vPortEnterCritical
                0x08008018       0x64 ./Middlewares/Third_Party/FreeRTOS/Source/portable/GCC/ARM_CM4F/port.o
                0x08008018                vPortEnterCritical
 .text.vPortExitCritical
                0x0800807c       0x54 ./Middlewares/Third_Party/FreeRTOS/Source/portable/GCC/ARM_CM4F/port.o
                0x0800807c                vPortExitCritical
 .text.PendSV_Handler
                0x080080d0       0x68 ./Middlewares/Third_Party/FreeRTOS/Source/portable/GCC/ARM_CM4F/port.o
                0x080080d0                PendSV_Handler
 .text.xPortSysTickHandler
                0x08008138       0x44 ./Middlewares/Third_Party/FreeRTOS/Source/portable/GCC/ARM_CM4F/port.o
                0x08008138                xPortSysTickHandler
 .text.vPortSetupTimerInterrupt
                0x0800817c       0x48 ./Middlewares/Third_Party/FreeRTOS/Source/portable/GCC/ARM_CM4F/port.o
                0x0800817c                vPortSetupTimerInterrupt
 .text.vPortEnableVFP
                0x080081c4       0x14 ./Middlewares/Third_Party/FreeRTOS/Source/portable/GCC/ARM_CM4F/port.o
 .text.vPortValidateInterruptPriority
                0x080081d8       0x84 ./Middlewares/Third_Party/FreeRTOS/Source/portable/GCC/ARM_CM4F/port.o
                0x080081d8                vPortValidateInterruptPriority
 .text.pvPortMalloc
                0x0800825c      0x19c ./Middlewares/Third_Party/FreeRTOS/Source/portable/MemMang/heap_4.o
                0x0800825c                pvPortMalloc
 .text.vPortFree
                0x080083f8       0xc8 ./Middlewares/Third_Party/FreeRTOS/Source/portable/MemMang/heap_4.o
                0x080083f8                vPortFree
 .text.prvHeapInit
                0x080084c0       0xc4 ./Middlewares/Third_Party/FreeRTOS/Source/portable/MemMang/heap_4.o
 .text.prvInsertBlockIntoFreeList
                0x08008584       0xb4 ./Middlewares/Third_Party/FreeRTOS/Source/portable/MemMang/heap_4.o
 .text.memset   0x08008638       0x10 C:/ST/STM32CubeIDE_1.19.0/STM32CubeIDE/plugins/com.st.stm32cube.ide.mcu.externaltools.gnu-tools-for-stm32.13.3.rel1.win32_1.0.0.202411081344/tools/bin/../lib/gcc/arm-none-eabi/13.3.1/../../../../arm-none-eabi/lib/thumb/v7e-m+fp/hard\libc_nano.a(libc_a-memset.o)
                0x08008638                memset
 .text._reclaim_reent
                0x08008648       0xbc C:/ST/STM32CubeIDE_1.19.0/STM32CubeIDE/plugins/com.st.stm32cube.ide.mcu.externaltools.gnu-tools-for-stm32.13.3.rel1.win32_1.0.0.202411081344/tools/bin/../lib/gcc/arm-none-eabi/13.3.1/../../../../arm-none-eabi/lib/thumb/v7e-m+fp/hard\libc_nano.a(libc_a-reent.o)
                0x08008648                _reclaim_reent
 .text.__libc_init_array
                0x08008704       0x48 C:/ST/STM32CubeIDE_1.19.0/STM32CubeIDE/plugins/com.st.stm32cube.ide.mcu.externaltools.gnu-tools-for-stm32.13.3.rel1.win32_1.0.0.202411081344/tools/bin/../lib/gcc/arm-none-eabi/13.3.1/../../../../arm-none-eabi/lib/thumb/v7e-m+fp/hard\libc_nano.a(libc_a-init.o)
                0x08008704                __libc_init_array
 .text.__retarget_lock_acquire_recursive
                0x0800874c        0x2 C:/ST/STM32CubeIDE_1.19.0/STM32CubeIDE/plugins/com.st.stm32cube.ide.mcu.externaltools.gnu-tools-for-stm32.13.3.rel1.win32_1.0.0.202411081344/tools/bin/../lib/gcc/arm-none-eabi/13.3.1/../../../../arm-none-eabi/lib/thumb/v7e-m+fp/hard\libc_nano.a(libc_a-lock.o)
                0x0800874c                __retarget_lock_acquire_recursive
 .text.__retarget_lock_release_recursive
                0x0800874e        0x2 C:/ST/STM32CubeIDE_1.19.0/STM32CubeIDE/plugins/com.st.stm32cube.ide.mcu.externaltools.gnu-tools-for-stm32.13.3.rel1.win32_1.0.0.202411081344/tools/bin/../lib/gcc/arm-none-eabi/13.3.1/../../../../arm-none-eabi/lib/thumb/v7e-m+fp/hard\libc_nano.a(libc_a-lock.o)
                0x0800874e                __retarget_lock_release_recursive
 .text.memcpy   0x08008750       0x1c C:/ST/STM32CubeIDE_1.19.0/STM32CubeIDE/plugins/com.st.stm32cube.ide.mcu.externaltools.gnu-tools-for-stm32.13.3.rel1.win32_1.0.0.202411081344/tools/bin/../lib/gcc/arm-none-eabi/13.3.1/../../../../arm-none-eabi/lib/thumb/v7e-m+fp/hard\libc_nano.a(libc_a-memcpy-stub.o)
                0x08008750                memcpy
 .text._free_r  0x0800876c       0x94 C:/ST/STM32CubeIDE_1.19.0/STM32CubeIDE/plugins/com.st.stm32cube.ide.mcu.externaltools.gnu-tools-for-stm32.13.3.rel1.win32_1.0.0.202411081344/tools/bin/../lib/gcc/arm-none-eabi/13.3.1/../../../../arm-none-eabi/lib/thumb/v7e-m+fp/hard\libc_nano.a(libc_a-freer.o)
                0x0800876c                _free_r
 .text.__malloc_lock
                0x08008800        0xc C:/ST/STM32CubeIDE_1.19.0/STM32CubeIDE/plugins/com.st.stm32cube.ide.mcu.externaltools.gnu-tools-for-stm32.13.3.rel1.win32_1.0.0.202411081344/tools/bin/../lib/gcc/arm-none-eabi/13.3.1/../../../../arm-none-eabi/lib/thumb/v7e-m+fp/hard\libc_nano.a(libc_a-mlock.o)
                0x08008800                __malloc_lock
 .text.__malloc_unlock
                0x0800880c        0xc C:/ST/STM32CubeIDE_1.19.0/STM32CubeIDE/plugins/com.st.stm32cube.ide.mcu.externaltools.gnu-tools-for-stm32.13.3.rel1.win32_1.0.0.202411081344/tools/bin/../lib/gcc/arm-none-eabi/13.3.1/../../../../arm-none-eabi/lib/thumb/v7e-m+fp/hard\libc_nano.a(libc_a-mlock.o)
                0x0800880c                __malloc_unlock
 *(.glue_7)
 .glue_7        0x08008818        0x0 linker stubs
 *(.glue_7t)
 .glue_7t       0x08008818        0x0 linker stubs
 *(.eh_frame)
 .eh_frame      0x08008818        0x0 C:/ST/STM32CubeIDE_1.19.0/STM32CubeIDE/plugins/com.st.stm32cube.ide.mcu.externaltools.gnu-tools-for-stm32.13.3.rel1.win32_1.0.0.202411081344/tools/bin/../lib/gcc/arm-none-eabi/13.3.1/thumb/v7e-m+fp/hard/crtbegin.o
 *(.init)
 .init          0x08008818        0x4 C:/ST/STM32CubeIDE_1.19.0/STM32CubeIDE/plugins/com.st.stm32cube.ide.mcu.externaltools.gnu-tools-for-stm32.13.3.rel1.win32_1.0.0.202411081344/tools/bin/../lib/gcc/arm-none-eabi/13.3.1/thumb/v7e-m+fp/hard/crti.o
                0x08008818                _init
 .init          0x0800881c        0x8 C:/ST/STM32CubeIDE_1.19.0/STM32CubeIDE/plugins/com.st.stm32cube.ide.mcu.externaltools.gnu-tools-for-stm32.13.3.rel1.win32_1.0.0.202411081344/tools/bin/../lib/gcc/arm-none-eabi/13.3.1/thumb/v7e-m+fp/hard/crtn.o
 *(.fini)
 .fini          0x08008824        0x4 C:/ST/STM32CubeIDE_1.19.0/STM32CubeIDE/plugins/com.st.stm32cube.ide.mcu.externaltools.gnu-tools-for-stm32.13.3.rel1.win32_1.0.0.202411081344/tools/bin/../lib/gcc/arm-none-eabi/13.3.1/thumb/v7e-m+fp/hard/crti.o
                0x08008824                _fini
 .fini          0x08008828        0x8 C:/ST/STM32CubeIDE_1.19.0/STM32CubeIDE/plugins/com.st.stm32cube.ide.mcu.externaltools.gnu-tools-for-stm32.13.3.rel1.win32_1.0.0.202411081344/tools/bin/../lib/gcc/arm-none-eabi/13.3.1/thumb/v7e-m+fp/hard/crtn.o
                0x08008830                        . = ALIGN (0x4)
                0x08008830                        _etext = .

.vfp11_veneer   0x08008830        0x0
 .vfp11_veneer  0x08008830        0x0 linker stubs

.v4_bx          0x08008830        0x0
 .v4_bx         0x08008830        0x0 linker stubs

.iplt           0x08008830        0x0
 .iplt          0x08008830        0x0 C:/ST/STM32CubeIDE_1.19.0/STM32CubeIDE/plugins/com.st.stm32cube.ide.mcu.externaltools.gnu-tools-for-stm32.13.3.rel1.win32_1.0.0.202411081344/tools/bin/../lib/gcc/arm-none-eabi/13.3.1/thumb/v7e-m+fp/hard/crtbegin.o

.rodata         0x08008830      0x8c0
                0x08008830                        . = ALIGN (0x4)
 *(.rodata)
 .rodata        0x08008830        0xc ./Core/Src/freertos.o
 .rodata        0x0800883c       0x58 ./Core/Src/micro_wave_oven.o
 .rodata        0x08008894        0x5 ./Middlewares/Third_Party/FreeRTOS/Source/tasks.o
 *fill*         0x08008899        0x3 
 .rodata        0x0800889c        0xd ./Middlewares/Third_Party/FreeRTOS/Source/timers.o
 *(.rodata*)
 *fill*         0x080088a9        0x3 
 .rodata.font8x16
                0x080088ac      0x800 ./Core/Src/font.o
                0x080088ac                font8x16
 .rodata.defaultTask_attributes
                0x080090ac       0x24 ./Core/Src/freertos.o
                0x080090ac                defaultTask_attributes
 .rodata.AHBPrescTable
                0x080090d0       0x10 ./Core/Src/system_stm32f4xx.o
                0x080090d0                AHBPrescTable
 .rodata.APBPrescTable
                0x080090e0        0x8 ./Core/Src/system_stm32f4xx.o
                0x080090e0                APBPrescTable
 .rodata.flagBitshiftOffset.0
                0x080090e8        0x8 ./Drivers/STM32F4xx_HAL_Driver/Src/stm32f4xx_hal_dma.o
                0x080090f0                        . = ALIGN (0x4)

.ARM.extab      0x080090f0        0x0
                0x080090f0                        . = ALIGN (0x4)
 *(.ARM.extab* .gnu.linkonce.armextab.*)
                0x080090f0                        . = ALIGN (0x4)

.ARM            0x080090f0        0x8
                0x080090f0                        . = ALIGN (0x4)
                0x080090f0                        __exidx_start = .
 *(.ARM.exidx*)
 .ARM.exidx     0x080090f0        0x8 C:/ST/STM32CubeIDE_1.19.0/STM32CubeIDE/plugins/com.st.stm32cube.ide.mcu.externaltools.gnu-tools-for-stm32.13.3.rel1.win32_1.0.0.202411081344/tools/bin/../lib/gcc/arm-none-eabi/13.3.1/thumb/v7e-m+fp/hard\libgcc.a(_udivmoddi4.o)
                0x080090f8                        __exidx_end = .
                0x080090f8                        . = ALIGN (0x4)

.preinit_array  0x080090f8        0x0
                0x080090f8                        . = ALIGN (0x4)
                0x080090f8                        PROVIDE (__preinit_array_start = .)
 *(.preinit_array*)
                0x080090f8                        PROVIDE (__preinit_array_end = .)
                0x080090f8                        . = ALIGN (0x4)

.init_array     0x080090f8        0x4
                0x080090f8                        . = ALIGN (0x4)
                0x080090f8                        PROVIDE (__init_array_start = .)
 *(SORT_BY_NAME(.init_array.*))
 *(.init_array*)
 .init_array    0x080090f8        0x4 C:/ST/STM32CubeIDE_1.19.0/STM32CubeIDE/plugins/com.st.stm32cube.ide.mcu.externaltools.gnu-tools-for-stm32.13.3.rel1.win32_1.0.0.202411081344/tools/bin/../lib/gcc/arm-none-eabi/13.3.1/thumb/v7e-m+fp/hard/crtbegin.o
                0x080090fc                        PROVIDE (__init_array_end = .)
                0x080090fc                        . = ALIGN (0x4)

.fini_array     0x080090fc        0x4
                0x080090fc                        . = ALIGN (0x4)
                [!provide]                        PROVIDE (__fini_array_start = .)
 *(SORT_BY_NAME(.fini_array.*))
 *(.fini_array*)
 .fini_array    0x080090fc        0x4 C:/ST/STM32CubeIDE_1.19.0/STM32CubeIDE/plugins/com.st.stm32cube.ide.mcu.externaltools.gnu-tools-for-stm32.13.3.rel1.win32_1.0.0.202411081344/tools/bin/../lib/gcc/arm-none-eabi/13.3.1/thumb/v7e-m+fp/hard/crtbegin.o
                [!provide]                        PROVIDE (__fini_array_end = .)
                0x08009100                        . = ALIGN (0x4)
                0x08009100                        _sidata = LOADADDR (.data)

.rel.dyn        0x08009100        0x0
 .rel.iplt      0x08009100        0x0 C:/ST/STM32CubeIDE_1.19.0/STM32CubeIDE/plugins/com.st.stm32cube.ide.mcu.externaltools.gnu-tools-for-stm32.13.3.rel1.win32_1.0.0.202411081344/tools/bin/../lib/gcc/arm-none-eabi/13.3.1/thumb/v7e-m+fp/hard/crtbegin.o

.data           0x20000000       0x68 load address 0x08009100
                0x20000000                        . = ALIGN (0x4)
                0x20000000                        _sdata = .
 *(.data)
 *(.data*)
 .data.POINT_COLOR
                0x20000000        0x2 ./Core/Src/gui.o
                0x20000000                POINT_COLOR
 .data._w       0x20000002        0x2 ./Core/Src/lcd.o
 .data._h       0x20000004        0x2 ./Core/Src/lcd.o
 *fill*         0x20000006        0x2 
 .data.SystemCoreClock
                0x20000008        0x4 ./Core/Src/system_stm32f4xx.o
                0x20000008                SystemCoreClock
 .data.uwTickPrio
                0x2000000c        0x4 ./Drivers/STM32F4xx_HAL_Driver/Src/stm32f4xx_hal.o
                0x2000000c                uwTickPrio
 .data.uwTickFreq
                0x20000010        0x1 ./Drivers/STM32F4xx_HAL_Driver/Src/stm32f4xx_hal.o
                0x20000010                uwTickFreq
 *fill*         0x20000011        0x3 
 .data.uxCriticalNesting
                0x20000014        0x4 ./Middlewares/Third_Party/FreeRTOS/Source/portable/GCC/ARM_CM4F/port.o
 .data._impure_ptr
                0x20000018        0x4 C:/ST/STM32CubeIDE_1.19.0/STM32CubeIDE/plugins/com.st.stm32cube.ide.mcu.externaltools.gnu-tools-for-stm32.13.3.rel1.win32_1.0.0.202411081344/tools/bin/../lib/gcc/arm-none-eabi/13.3.1/../../../../arm-none-eabi/lib/thumb/v7e-m+fp/hard\libc_nano.a(libc_a-impure.o)
                0x20000018                _impure_ptr
 .data._impure_data
                0x2000001c       0x4c C:/ST/STM32CubeIDE_1.19.0/STM32CubeIDE/plugins/com.st.stm32cube.ide.mcu.externaltools.gnu-tools-for-stm32.13.3.rel1.win32_1.0.0.202411081344/tools/bin/../lib/gcc/arm-none-eabi/13.3.1/../../../../arm-none-eabi/lib/thumb/v7e-m+fp/hard\libc_nano.a(libc_a-impure.o)
                0x2000001c                _impure_data
 *(.RamFunc)
 *(.RamFunc*)
                0x20000068                        . = ALIGN (0x4)
                0x20000068                        _edata = .
                0x08009168                        _siccmram = LOADADDR (.ccmram)

.igot.plt       0x20000068        0x0 load address 0x08009168
 .igot.plt      0x20000068        0x0 C:/ST/STM32CubeIDE_1.19.0/STM32CubeIDE/plugins/com.st.stm32cube.ide.mcu.externaltools.gnu-tools-for-stm32.13.3.rel1.win32_1.0.0.202411081344/tools/bin/../lib/gcc/arm-none-eabi/13.3.1/thumb/v7e-m+fp/hard/crtbegin.o

.ccmram         0x10000000        0x0 load address 0x08009168
                0x10000000                        . = ALIGN (0x4)
                0x10000000                        _sccmram = .
 *(.ccmram)
 *(.ccmram*)
                0x10000000                        . = ALIGN (0x4)
                0x10000000                        _eccmram = .
                0x10000000                        . = ALIGN (0x4)

.bss            0x20000068     0x9114
                0x20000068                        _sbss = .
                0x20000068                        __bss_start__ = _sbss
 *(.bss)
 .bss           0x20000068       0x1c C:/ST/STM32CubeIDE_1.19.0/STM32CubeIDE/plugins/com.st.stm32cube.ide.mcu.externaltools.gnu-tools-for-stm32.13.3.rel1.win32_1.0.0.202411081344/tools/bin/../lib/gcc/arm-none-eabi/13.3.1/thumb/v7e-m+fp/hard/crtbegin.o
 *(.bss*)
 .bss.s_dwt_ok  0x20000084        0x1 ./Core/Src/delay.o
 *fill*         0x20000085        0x3 
 .bss.s_cycles_per_us
                0x20000088        0x4 ./Core/Src/delay.o
 .bss.asc2_1206
                0x2000008c      0x474 ./Core/Src/font.o
                0x2000008c                asc2_1206
 .bss.asc2_1608
                0x20000500      0x5f0 ./Core/Src/font.o
                0x20000500                asc2_1608
 .bss.defaultTaskHandle
                0x20000af0        0x4 ./Core/Src/freertos.o
                0x20000af0                defaultTaskHandle
 .bss.BACK_COLOR
                0x20000af4        0x2 ./Core/Src/gui.o
                0x20000af4                BACK_COLOR
 *fill*         0x20000af6        0x2 
 .bss.led1      0x20000af8        0x8 ./Core/Src/main.o
                0x20000af8                led1
 .bss.hspi1     0x20000b00       0x58 ./Core/Src/spi.o
                0x20000b00                hspi1
 .bss.htim6     0x20000b58       0x48 ./Core/Src/stm32f4xx_hal_timebase_tim.o
                0x20000b58                htim6
 .bss.htim2     0x20000ba0       0x48 ./Core/Src/tim.o
                0x20000ba0                htim2
 .bss.htim3     0x20000be8       0x48 ./Core/Src/tim.o
                0x20000be8                htim3
 .bss.htim4     0x20000c30       0x48 ./Core/Src/tim.o
                0x20000c30                htim4
 .bss.huart2    0x20000c78       0x48 ./Core/Src/usart.o
                0x20000c78                huart2
 .bss.hdma_usart2_rx
                0x20000cc0       0x60 ./Core/Src/usart.o
                0x20000cc0                hdma_usart2_rx
 .bss.uwTick    0x20000d20        0x4 ./Drivers/STM32F4xx_HAL_Driver/Src/stm32f4xx_hal.o
                0x20000d20                uwTick
 .bss.KernelState
                0x20000d24        0x4 ./Middlewares/Third_Party/FreeRTOS/Source/CMSIS_RTOS_V2/cmsis_os2.o
 .bss.Idle_TCB.3
                0x20000d28       0xa8 ./Middlewares/Third_Party/FreeRTOS/Source/CMSIS_RTOS_V2/cmsis_os2.o
 .bss.Idle_Stack.2
                0x20000dd0      0x200 ./Middlewares/Third_Party/FreeRTOS/Source/CMSIS_RTOS_V2/cmsis_os2.o
 .bss.Timer_TCB.1
                0x20000fd0       0xa8 ./Middlewares/Third_Party/FreeRTOS/Source/CMSIS_RTOS_V2/cmsis_os2.o
 .bss.Timer_Stack.0
                0x20001078      0x400 ./Middlewares/Third_Party/FreeRTOS/Source/CMSIS_RTOS_V2/cmsis_os2.o
 .bss.xQueueRegistry
                0x20001478       0x40 ./Middlewares/Third_Party/FreeRTOS/Source/queue.o
                0x20001478                xQueueRegistry
 .bss.pxCurrentTCB
                0x200014b8        0x4 ./Middlewares/Third_Party/FreeRTOS/Source/tasks.o
                0x200014b8                pxCurrentTCB
 .bss.pxReadyTasksLists
                0x200014bc      0x460 ./Middlewares/Third_Party/FreeRTOS/Source/tasks.o
 .bss.xDelayedTaskList1
                0x2000191c       0x14 ./Middlewares/Third_Party/FreeRTOS/Source/tasks.o
 .bss.xDelayedTaskList2
                0x20001930       0x14 ./Middlewares/Third_Party/FreeRTOS/Source/tasks.o
 .bss.pxDelayedTaskList
                0x20001944        0x4 ./Middlewares/Third_Party/FreeRTOS/Source/tasks.o
 .bss.pxOverflowDelayedTaskList
                0x20001948        0x4 ./Middlewares/Third_Party/FreeRTOS/Source/tasks.o
 .bss.xPendingReadyList
                0x2000194c       0x14 ./Middlewares/Third_Party/FreeRTOS/Source/tasks.o
 .bss.xTasksWaitingTermination
                0x20001960       0x14 ./Middlewares/Third_Party/FreeRTOS/Source/tasks.o
 .bss.uxDeletedTasksWaitingCleanUp
                0x20001974        0x4 ./Middlewares/Third_Party/FreeRTOS/Source/tasks.o
 .bss.xSuspendedTaskList
                0x20001978       0x14 ./Middlewares/Third_Party/FreeRTOS/Source/tasks.o
 .bss.uxCurrentNumberOfTasks
                0x2000198c        0x4 ./Middlewares/Third_Party/FreeRTOS/Source/tasks.o
 .bss.xTickCount
                0x20001990        0x4 ./Middlewares/Third_Party/FreeRTOS/Source/tasks.o
 .bss.uxTopReadyPriority
                0x20001994        0x4 ./Middlewares/Third_Party/FreeRTOS/Source/tasks.o
 .bss.xSchedulerRunning
                0x20001998        0x4 ./Middlewares/Third_Party/FreeRTOS/Source/tasks.o
 .bss.xPendedTicks
                0x2000199c        0x4 ./Middlewares/Third_Party/FreeRTOS/Source/tasks.o
 .bss.xYieldPending
                0x200019a0        0x4 ./Middlewares/Third_Party/FreeRTOS/Source/tasks.o
 .bss.xNumOfOverflows
                0x200019a4        0x4 ./Middlewares/Third_Party/FreeRTOS/Source/tasks.o
 .bss.uxTaskNumber
                0x200019a8        0x4 ./Middlewares/Third_Party/FreeRTOS/Source/tasks.o
 .bss.xNextTaskUnblockTime
                0x200019ac        0x4 ./Middlewares/Third_Party/FreeRTOS/Source/tasks.o
 .bss.xIdleTaskHandle
                0x200019b0        0x4 ./Middlewares/Third_Party/FreeRTOS/Source/tasks.o
 .bss.uxSchedulerSuspended
                0x200019b4        0x4 ./Middlewares/Third_Party/FreeRTOS/Source/tasks.o
 .bss.xActiveTimerList1
                0x200019b8       0x14 ./Middlewares/Third_Party/FreeRTOS/Source/timers.o
 .bss.xActiveTimerList2
                0x200019cc       0x14 ./Middlewares/Third_Party/FreeRTOS/Source/timers.o
 .bss.pxCurrentTimerList
                0x200019e0        0x4 ./Middlewares/Third_Party/FreeRTOS/Source/timers.o
 .bss.pxOverflowTimerList
                0x200019e4        0x4 ./Middlewares/Third_Party/FreeRTOS/Source/timers.o
 .bss.xTimerQueue
                0x200019e8        0x4 ./Middlewares/Third_Party/FreeRTOS/Source/timers.o
 .bss.xTimerTaskHandle
                0x200019ec        0x4 ./Middlewares/Third_Party/FreeRTOS/Source/timers.o
 .bss.xLastTime.2
                0x200019f0        0x4 ./Middlewares/Third_Party/FreeRTOS/Source/timers.o
 .bss.ucStaticTimerQueueStorage.1
                0x200019f4       0xa0 ./Middlewares/Third_Party/FreeRTOS/Source/timers.o
 .bss.xStaticTimerQueue.0
                0x20001a94       0x50 ./Middlewares/Third_Party/FreeRTOS/Source/timers.o
 .bss.ucMaxSysCallPriority
                0x20001ae4        0x1 ./Middlewares/Third_Party/FreeRTOS/Source/portable/GCC/ARM_CM4F/port.o
 *fill*         0x20001ae5        0x3 
 .bss.ulMaxPRIGROUPValue
                0x20001ae8        0x4 ./Middlewares/Third_Party/FreeRTOS/Source/portable/GCC/ARM_CM4F/port.o
 .bss.ucHeap    0x20001aec     0x7530 ./Middlewares/Third_Party/FreeRTOS/Source/portable/MemMang/heap_4.o
 .bss.xStart    0x2000901c        0x8 ./Middlewares/Third_Party/FreeRTOS/Source/portable/MemMang/heap_4.o
 .bss.pxEnd     0x20009024        0x4 ./Middlewares/Third_Party/FreeRTOS/Source/portable/MemMang/heap_4.o
 .bss.xFreeBytesRemaining
                0x20009028        0x4 ./Middlewares/Third_Party/FreeRTOS/Source/portable/MemMang/heap_4.o
 .bss.xMinimumEverFreeBytesRemaining
                0x2000902c        0x4 ./Middlewares/Third_Party/FreeRTOS/Source/portable/MemMang/heap_4.o
 .bss.xNumberOfSuccessfulAllocations
                0x20009030        0x4 ./Middlewares/Third_Party/FreeRTOS/Source/portable/MemMang/heap_4.o
 .bss.xNumberOfSuccessfulFrees
                0x20009034        0x4 ./Middlewares/Third_Party/FreeRTOS/Source/portable/MemMang/heap_4.o
 .bss.xBlockAllocatedBit
                0x20009038        0x4 ./Middlewares/Third_Party/FreeRTOS/Source/portable/MemMang/heap_4.o
 .bss.__sf      0x2000903c      0x138 C:/ST/STM32CubeIDE_1.19.0/STM32CubeIDE/plugins/com.st.stm32cube.ide.mcu.externaltools.gnu-tools-for-stm32.13.3.rel1.win32_1.0.0.202411081344/tools/bin/../lib/gcc/arm-none-eabi/13.3.1/../../../../arm-none-eabi/lib/thumb/v7e-m+fp/hard\libc_nano.a(libc_a-findfp.o)
                0x2000903c                __sf
 .bss.__lock___malloc_recursive_mutex
                0x20009174        0x1 C:/ST/STM32CubeIDE_1.19.0/STM32CubeIDE/plugins/com.st.stm32cube.ide.mcu.externaltools.gnu-tools-for-stm32.13.3.rel1.win32_1.0.0.202411081344/tools/bin/../lib/gcc/arm-none-eabi/13.3.1/../../../../arm-none-eabi/lib/thumb/v7e-m+fp/hard\libc_nano.a(libc_a-lock.o)
                0x20009174                __lock___malloc_recursive_mutex
 *fill*         0x20009175        0x3 
 .bss.__malloc_free_list
                0x20009178        0x4 C:/ST/STM32CubeIDE_1.19.0/STM32CubeIDE/plugins/com.st.stm32cube.ide.mcu.externaltools.gnu-tools-for-stm32.13.3.rel1.win32_1.0.0.202411081344/tools/bin/../lib/gcc/arm-none-eabi/13.3.1/../../../../arm-none-eabi/lib/thumb/v7e-m+fp/hard\libc_nano.a(libc_a-mallocr.o)
                0x20009178                __malloc_free_list
 *(COMMON)
                0x2000917c                        . = ALIGN (0x4)
                0x2000917c                        _ebss = .
                0x2000917c                        __bss_end__ = _ebss

._user_heap_stack
                0x2000917c      0x604
                0x20009180                        . = ALIGN (0x8)
 *fill*         0x2000917c        0x4 
                [!provide]                        PROVIDE (end = .)
                0x20009180                        PROVIDE (_end = .)
                0x20009380                        . = (. + _Min_Heap_Size)
 *fill*         0x20009180      0x200 
                0x20009780                        . = (. + _Min_Stack_Size)
 *fill*         0x20009380      0x400 
                0x20009780                        . = ALIGN (0x8)

/DISCARD/
 libc.a(*)
 libm.a(*)
 libgcc.a(*)

.ARM.attributes
                0x00000000       0x30
 *(.ARM.attributes)
 .ARM.attributes
                0x00000000       0x22 C:/ST/STM32CubeIDE_1.19.0/STM32CubeIDE/plugins/com.st.stm32cube.ide.mcu.externaltools.gnu-tools-for-stm32.13.3.rel1.win32_1.0.0.202411081344/tools/bin/../lib/gcc/arm-none-eabi/13.3.1/thumb/v7e-m+fp/hard/crti.o
 .ARM.attributes
                0x00000022       0x34 C:/ST/STM32CubeIDE_1.19.0/STM32CubeIDE/plugins/com.st.stm32cube.ide.mcu.externaltools.gnu-tools-for-stm32.13.3.rel1.win32_1.0.0.202411081344/tools/bin/../lib/gcc/arm-none-eabi/13.3.1/thumb/v7e-m+fp/hard/crtbegin.o
 .ARM.attributes
                0x00000056       0x34 ./Core/Src/delay.o
 .ARM.attributes
                0x0000008a       0x34 ./Core/Src/dma.o
 .ARM.attributes
                0x000000be       0x34 ./Core/Src/font.o
 .ARM.attributes
                0x000000f2       0x34 ./Core/Src/freertos.o
 .ARM.attributes
                0x00000126       0x34 ./Core/Src/gpio.o
 .ARM.attributes
                0x0000015a       0x34 ./Core/Src/gui.o
 .ARM.attributes
                0x0000018e       0x34 ./Core/Src/lcd.o
 .ARM.attributes
                0x000001c2       0x34 ./Core/Src/led.o
 .ARM.attributes
                0x000001f6       0x34 ./Core/Src/main.o
 .ARM.attributes
                0x0000022a       0x34 ./Core/Src/micro_wave_oven.o
 .ARM.attributes
                0x0000025e       0x34 ./Core/Src/spi.o
 .ARM.attributes
                0x00000292       0x34 ./Core/Src/stm32f4xx_hal_msp.o
 .ARM.attributes
                0x000002c6       0x34 ./Core/Src/stm32f4xx_hal_timebase_tim.o
 .ARM.attributes
                0x000002fa       0x34 ./Core/Src/stm32f4xx_it.o
 .ARM.attributes
                0x0000032e       0x34 ./Core/Src/system_stm32f4xx.o
 .ARM.attributes
                0x00000362       0x34 ./Core/Src/tim.o
 .ARM.attributes
                0x00000396       0x34 ./Core/Src/usart.o
 .ARM.attributes
                0x000003ca       0x21 ./Core/Startup/startup_stm32f407vgtx.o
 .ARM.attributes
                0x000003eb       0x34 ./Drivers/STM32F4xx_HAL_Driver/Src/stm32f4xx_hal.o
 .ARM.attributes
                0x0000041f       0x34 ./Drivers/STM32F4xx_HAL_Driver/Src/stm32f4xx_hal_cortex.o
 .ARM.attributes
                0x00000453       0x34 ./Drivers/STM32F4xx_HAL_Driver/Src/stm32f4xx_hal_dma.o
 .ARM.attributes
                0x00000487       0x34 ./Drivers/STM32F4xx_HAL_Driver/Src/stm32f4xx_hal_gpio.o
 .ARM.attributes
                0x000004bb       0x34 ./Drivers/STM32F4xx_HAL_Driver/Src/stm32f4xx_hal_rcc.o
 .ARM.attributes
                0x000004ef       0x34 ./Drivers/STM32F4xx_HAL_Driver/Src/stm32f4xx_hal_spi.o
 .ARM.attributes
                0x00000523       0x34 ./Drivers/STM32F4xx_HAL_Driver/Src/stm32f4xx_hal_tim.o
 .ARM.attributes
                0x00000557       0x34 ./Drivers/STM32F4xx_HAL_Driver/Src/stm32f4xx_hal_tim_ex.o
 .ARM.attributes
                0x0000058b       0x34 ./Drivers/STM32F4xx_HAL_Driver/Src/stm32f4xx_hal_uart.o
 .ARM.attributes
                0x000005bf       0x34 ./Middlewares/Third_Party/FreeRTOS/Source/CMSIS_RTOS_V2/cmsis_os2.o
 .ARM.attributes
                0x000005f3       0x34 ./Middlewares/Third_Party/FreeRTOS/Source/list.o
 .ARM.attributes
                0x00000627       0x34 ./Middlewares/Third_Party/FreeRTOS/Source/queue.o
 .ARM.attributes
                0x0000065b       0x34 ./Middlewares/Third_Party/FreeRTOS/Source/tasks.o
 .ARM.attributes
                0x0000068f       0x34 ./Middlewares/Third_Party/FreeRTOS/Source/timers.o
 .ARM.attributes
                0x000006c3       0x34 ./Middlewares/Third_Party/FreeRTOS/Source/portable/GCC/ARM_CM4F/port.o
 .ARM.attributes
                0x000006f7       0x34 ./Middlewares/Third_Party/FreeRTOS/Source/portable/MemMang/heap_4.o
 .ARM.attributes
                0x0000072b       0x34 C:/ST/STM32CubeIDE_1.19.0/STM32CubeIDE/plugins/com.st.stm32cube.ide.mcu.externaltools.gnu-tools-for-stm32.13.3.rel1.win32_1.0.0.202411081344/tools/bin/../lib/gcc/arm-none-eabi/13.3.1/../../../../arm-none-eabi/lib/thumb/v7e-m+fp/hard\libc_nano.a(libc_a-findfp.o)
 .ARM.attributes
                0x0000075f       0x34 C:/ST/STM32CubeIDE_1.19.0/STM32CubeIDE/plugins/com.st.stm32cube.ide.mcu.externaltools.gnu-tools-for-stm32.13.3.rel1.win32_1.0.0.202411081344/tools/bin/../lib/gcc/arm-none-eabi/13.3.1/../../../../arm-none-eabi/lib/thumb/v7e-m+fp/hard\libc_nano.a(libc_a-memset.o)
 .ARM.attributes
                0x00000793       0x34 C:/ST/STM32CubeIDE_1.19.0/STM32CubeIDE/plugins/com.st.stm32cube.ide.mcu.externaltools.gnu-tools-for-stm32.13.3.rel1.win32_1.0.0.202411081344/tools/bin/../lib/gcc/arm-none-eabi/13.3.1/../../../../arm-none-eabi/lib/thumb/v7e-m+fp/hard\libc_nano.a(libc_a-reent.o)
 .ARM.attributes
                0x000007c7       0x34 C:/ST/STM32CubeIDE_1.19.0/STM32CubeIDE/plugins/com.st.stm32cube.ide.mcu.externaltools.gnu-tools-for-stm32.13.3.rel1.win32_1.0.0.202411081344/tools/bin/../lib/gcc/arm-none-eabi/13.3.1/../../../../arm-none-eabi/lib/thumb/v7e-m+fp/hard\libc_nano.a(libc_a-impure.o)
 .ARM.attributes
                0x000007fb       0x34 C:/ST/STM32CubeIDE_1.19.0/STM32CubeIDE/plugins/com.st.stm32cube.ide.mcu.externaltools.gnu-tools-for-stm32.13.3.rel1.win32_1.0.0.202411081344/tools/bin/../lib/gcc/arm-none-eabi/13.3.1/../../../../arm-none-eabi/lib/thumb/v7e-m+fp/hard\libc_nano.a(libc_a-init.o)
 .ARM.attributes
                0x0000082f       0x34 C:/ST/STM32CubeIDE_1.19.0/STM32CubeIDE/plugins/com.st.stm32cube.ide.mcu.externaltools.gnu-tools-for-stm32.13.3.rel1.win32_1.0.0.202411081344/tools/bin/../lib/gcc/arm-none-eabi/13.3.1/../../../../arm-none-eabi/lib/thumb/v7e-m+fp/hard\libc_nano.a(libc_a-lock.o)
 .ARM.attributes
                0x00000863       0x34 C:/ST/STM32CubeIDE_1.19.0/STM32CubeIDE/plugins/com.st.stm32cube.ide.mcu.externaltools.gnu-tools-for-stm32.13.3.rel1.win32_1.0.0.202411081344/tools/bin/../lib/gcc/arm-none-eabi/13.3.1/../../../../arm-none-eabi/lib/thumb/v7e-m+fp/hard\libc_nano.a(libc_a-memcpy-stub.o)
 .ARM.attributes
                0x00000897       0x34 C:/ST/STM32CubeIDE_1.19.0/STM32CubeIDE/plugins/com.st.stm32cube.ide.mcu.externaltools.gnu-tools-for-stm32.13.3.rel1.win32_1.0.0.202411081344/tools/bin/../lib/gcc/arm-none-eabi/13.3.1/../../../../arm-none-eabi/lib/thumb/v7e-m+fp/hard\libc_nano.a(libc_a-freer.o)
 .ARM.attributes
                0x000008cb       0x34 C:/ST/STM32CubeIDE_1.19.0/STM32CubeIDE/plugins/com.st.stm32cube.ide.mcu.externaltools.gnu-tools-for-stm32.13.3.rel1.win32_1.0.0.202411081344/tools/bin/../lib/gcc/arm-none-eabi/13.3.1/../../../../arm-none-eabi/lib/thumb/v7e-m+fp/hard\libc_nano.a(libc_a-mallocr.o)
 .ARM.attributes
                0x000008ff       0x34 C:/ST/STM32CubeIDE_1.19.0/STM32CubeIDE/plugins/com.st.stm32cube.ide.mcu.externaltools.gnu-tools-for-stm32.13.3.rel1.win32_1.0.0.202411081344/tools/bin/../lib/gcc/arm-none-eabi/13.3.1/../../../../arm-none-eabi/lib/thumb/v7e-m+fp/hard\libc_nano.a(libc_a-mlock.o)
 .ARM.attributes
                0x00000933       0x22 C:/ST/STM32CubeIDE_1.19.0/STM32CubeIDE/plugins/com.st.stm32cube.ide.mcu.externaltools.gnu-tools-for-stm32.13.3.rel1.win32_1.0.0.202411081344/tools/bin/../lib/gcc/arm-none-eabi/13.3.1/thumb/v7e-m+fp/hard\libgcc.a(_aeabi_uldivmod.o)
 .ARM.attributes
                0x00000955       0x34 C:/ST/STM32CubeIDE_1.19.0/STM32CubeIDE/plugins/com.st.stm32cube.ide.mcu.externaltools.gnu-tools-for-stm32.13.3.rel1.win32_1.0.0.202411081344/tools/bin/../lib/gcc/arm-none-eabi/13.3.1/thumb/v7e-m+fp/hard\libgcc.a(_udivmoddi4.o)
 .ARM.attributes
                0x00000989       0x22 C:/ST/STM32CubeIDE_1.19.0/STM32CubeIDE/plugins/com.st.stm32cube.ide.mcu.externaltools.gnu-tools-for-stm32.13.3.rel1.win32_1.0.0.202411081344/tools/bin/../lib/gcc/arm-none-eabi/13.3.1/thumb/v7e-m+fp/hard\libgcc.a(_dvmd_tls.o)
 .ARM.attributes
                0x000009ab       0x22 C:/ST/STM32CubeIDE_1.19.0/STM32CubeIDE/plugins/com.st.stm32cube.ide.mcu.externaltools.gnu-tools-for-stm32.13.3.rel1.win32_1.0.0.202411081344/tools/bin/../lib/gcc/arm-none-eabi/13.3.1/thumb/v7e-m+fp/hard/crtn.o
OUTPUT(stm32Microwave.elf elf32-littlearm)
LOAD linker stubs
LOAD C:/ST/STM32CubeIDE_1.19.0/STM32CubeIDE/plugins/com.st.stm32cube.ide.mcu.externaltools.gnu-tools-for-stm32.13.3.rel1.win32_1.0.0.202411081344/tools/bin/../lib/gcc/arm-none-eabi/13.3.1/../../../../arm-none-eabi/lib/thumb/v7e-m+fp/hard\libc.a
LOAD C:/ST/STM32CubeIDE_1.19.0/STM32CubeIDE/plugins/com.st.stm32cube.ide.mcu.externaltools.gnu-tools-for-stm32.13.3.rel1.win32_1.0.0.202411081344/tools/bin/../lib/gcc/arm-none-eabi/13.3.1/../../../../arm-none-eabi/lib/thumb/v7e-m+fp/hard\libm.a
LOAD C:/ST/STM32CubeIDE_1.19.0/STM32CubeIDE/plugins/com.st.stm32cube.ide.mcu.externaltools.gnu-tools-for-stm32.13.3.rel1.win32_1.0.0.202411081344/tools/bin/../lib/gcc/arm-none-eabi/13.3.1/thumb/v7e-m+fp/hard\libgcc.a

.debug_info     0x00000000    0x1e53b
 .debug_info    0x00000000      0x3ee ./Core/Src/delay.o
 .debug_info    0x000003ee      0x4ad ./Core/Src/dma.o
 .debug_info    0x0000089b      0x510 ./Core/Src/font.o
 .debug_info    0x00000dab      0x38d ./Core/Src/freertos.o
 .debug_info    0x00001138      0x662 ./Core/Src/gpio.o
 .debug_info    0x0000179a      0xd99 ./Core/Src/gui.o
 .debug_info    0x00002533      0xad4 ./Core/Src/lcd.o
 .debug_info    0x00003007      0x613 ./Core/Src/led.o
 .debug_info    0x0000361a      0xe56 ./Core/Src/main.o
 .debug_info    0x00004470      0xad2 ./Core/Src/micro_wave_oven.o
 .debug_info    0x00004f42      0x94d ./Core/Src/spi.o
 .debug_info    0x0000588f      0x4b7 ./Core/Src/stm32f4xx_hal_msp.o
 .debug_info    0x00005d46      0xbee ./Core/Src/stm32f4xx_hal_timebase_tim.o
 .debug_info    0x00006934      0x9d0 ./Core/Src/stm32f4xx_it.o
 .debug_info    0x00007304      0x512 ./Core/Src/system_stm32f4xx.o
 .debug_info    0x00007816      0xf9a ./Core/Src/tim.o
 .debug_info    0x000087b0      0xbca ./Core/Src/usart.o
 .debug_info    0x0000937a       0x30 ./Core/Startup/startup_stm32f407vgtx.o
 .debug_info    0x000093aa      0x944 ./Drivers/STM32F4xx_HAL_Driver/Src/stm32f4xx_hal.o
 .debug_info    0x00009cee      0xd8c ./Drivers/STM32F4xx_HAL_Driver/Src/stm32f4xx_hal_cortex.o
 .debug_info    0x0000aa7a      0x8e7 ./Drivers/STM32F4xx_HAL_Driver/Src/stm32f4xx_hal_dma.o
 .debug_info    0x0000b361      0x6c3 ./Drivers/STM32F4xx_HAL_Driver/Src/stm32f4xx_hal_gpio.o
 .debug_info    0x0000ba24      0x8c3 ./Drivers/STM32F4xx_HAL_Driver/Src/stm32f4xx_hal_rcc.o
 .debug_info    0x0000c2e7     0x1525 ./Drivers/STM32F4xx_HAL_Driver/Src/stm32f4xx_hal_spi.o
 .debug_info    0x0000d80c     0x299d ./Drivers/STM32F4xx_HAL_Driver/Src/stm32f4xx_hal_tim.o
 .debug_info    0x000101a9     0x14db ./Drivers/STM32F4xx_HAL_Driver/Src/stm32f4xx_hal_tim_ex.o
 .debug_info    0x00011684     0x2f4f ./Drivers/STM32F4xx_HAL_Driver/Src/stm32f4xx_hal_uart.o
 .debug_info    0x000145d3     0x337c ./Middlewares/Third_Party/FreeRTOS/Source/CMSIS_RTOS_V2/cmsis_os2.o
 .debug_info    0x0001794f      0x2af ./Middlewares/Third_Party/FreeRTOS/Source/list.o
 .debug_info    0x00017bfe     0x1b79 ./Middlewares/Third_Party/FreeRTOS/Source/queue.o
 .debug_info    0x00019777     0x28c1 ./Middlewares/Third_Party/FreeRTOS/Source/tasks.o
 .debug_info    0x0001c038     0x1b50 ./Middlewares/Third_Party/FreeRTOS/Source/timers.o
 .debug_info    0x0001db88      0x4de ./Middlewares/Third_Party/FreeRTOS/Source/portable/GCC/ARM_CM4F/port.o
 .debug_info    0x0001e066      0x4d5 ./Middlewares/Third_Party/FreeRTOS/Source/portable/MemMang/heap_4.o

.debug_abbrev   0x00000000     0x4b25
 .debug_abbrev  0x00000000      0x179 ./Core/Src/delay.o
 .debug_abbrev  0x00000179      0x10e ./Core/Src/dma.o
 .debug_abbrev  0x00000287      0x1ad ./Core/Src/font.o
 .debug_abbrev  0x00000434      0x12c ./Core/Src/freertos.o
 .debug_abbrev  0x00000560      0x174 ./Core/Src/gpio.o
 .debug_abbrev  0x000006d4      0x25c ./Core/Src/gui.o
 .debug_abbrev  0x00000930      0x287 ./Core/Src/lcd.o
 .debug_abbrev  0x00000bb7      0x18f ./Core/Src/led.o
 .debug_abbrev  0x00000d46      0x2c7 ./Core/Src/main.o
 .debug_abbrev  0x0000100d      0x221 ./Core/Src/micro_wave_oven.o
 .debug_abbrev  0x0000122e      0x1fa ./Core/Src/spi.o
 .debug_abbrev  0x00001428      0x119 ./Core/Src/stm32f4xx_hal_msp.o
 .debug_abbrev  0x00001541      0x1f4 ./Core/Src/stm32f4xx_hal_timebase_tim.o
 .debug_abbrev  0x00001735      0x19d ./Core/Src/stm32f4xx_it.o
 .debug_abbrev  0x000018d2      0x11a ./Core/Src/system_stm32f4xx.o
 .debug_abbrev  0x000019ec      0x28f ./Core/Src/tim.o
 .debug_abbrev  0x00001c7b      0x22c ./Core/Src/usart.o
 .debug_abbrev  0x00001ea7       0x24 ./Core/Startup/startup_stm32f407vgtx.o
 .debug_abbrev  0x00001ecb      0x214 ./Drivers/STM32F4xx_HAL_Driver/Src/stm32f4xx_hal.o
 .debug_abbrev  0x000020df      0x31d ./Drivers/STM32F4xx_HAL_Driver/Src/stm32f4xx_hal_cortex.o
 .debug_abbrev  0x000023fc      0x264 ./Drivers/STM32F4xx_HAL_Driver/Src/stm32f4xx_hal_dma.o
 .debug_abbrev  0x00002660      0x1d4 ./Drivers/STM32F4xx_HAL_Driver/Src/stm32f4xx_hal_gpio.o
 .debug_abbrev  0x00002834      0x2b7 ./Drivers/STM32F4xx_HAL_Driver/Src/stm32f4xx_hal_rcc.o
 .debug_abbrev  0x00002aeb      0x27a ./Drivers/STM32F4xx_HAL_Driver/Src/stm32f4xx_hal_spi.o
 .debug_abbrev  0x00002d65      0x278 ./Drivers/STM32F4xx_HAL_Driver/Src/stm32f4xx_hal_tim.o
 .debug_abbrev  0x00002fdd      0x283 ./Drivers/STM32F4xx_HAL_Driver/Src/stm32f4xx_hal_tim_ex.o
 .debug_abbrev  0x00003260      0x30e ./Drivers/STM32F4xx_HAL_Driver/Src/stm32f4xx_hal_uart.o
 .debug_abbrev  0x0000356e      0x52d ./Middlewares/Third_Party/FreeRTOS/Source/CMSIS_RTOS_V2/cmsis_os2.o
 .debug_abbrev  0x00003a9b       0xf5 ./Middlewares/Third_Party/FreeRTOS/Source/list.o
 .debug_abbrev  0x00003b90      0x3b6 ./Middlewares/Third_Party/FreeRTOS/Source/queue.o
 .debug_abbrev  0x00003f46      0x3fe ./Middlewares/Third_Party/FreeRTOS/Source/tasks.o
 .debug_abbrev  0x00004344      0x368 ./Middlewares/Third_Party/FreeRTOS/Source/timers.o
 .debug_abbrev  0x000046ac      0x25c ./Middlewares/Third_Party/FreeRTOS/Source/portable/GCC/ARM_CM4F/port.o
 .debug_abbrev  0x00004908      0x21d ./Middlewares/Third_Party/FreeRTOS/Source/portable/MemMang/heap_4.o

.debug_aranges  0x00000000     0x1970
 .debug_aranges
                0x00000000       0x40 ./Core/Src/delay.o
 .debug_aranges
                0x00000040       0x20 ./Core/Src/dma.o
 .debug_aranges
                0x00000060       0x60 ./Core/Src/font.o
 .debug_aranges
                0x000000c0       0x28 ./Core/Src/freertos.o
 .debug_aranges
                0x000000e8       0x20 ./Core/Src/gpio.o
 .debug_aranges
                0x00000108       0xe0 ./Core/Src/gui.o
 .debug_aranges
                0x000001e8       0xb8 ./Core/Src/lcd.o
 .debug_aranges
                0x000002a0       0x50 ./Core/Src/led.o
 .debug_aranges
                0x000002f0       0x38 ./Core/Src/main.o
 .debug_aranges
                0x00000328       0x58 ./Core/Src/micro_wave_oven.o
 .debug_aranges
                0x00000380       0x30 ./Core/Src/spi.o
 .debug_aranges
                0x000003b0       0x20 ./Core/Src/stm32f4xx_hal_msp.o
 .debug_aranges
                0x000003d0       0x30 ./Core/Src/stm32f4xx_hal_timebase_tim.o
 .debug_aranges
                0x00000400       0x78 ./Core/Src/stm32f4xx_it.o
 .debug_aranges
                0x00000478       0x28 ./Core/Src/system_stm32f4xx.o
 .debug_aranges
                0x000004a0       0x58 ./Core/Src/tim.o
 .debug_aranges
                0x000004f8       0x30 ./Core/Src/usart.o
 .debug_aranges
                0x00000528       0x28 ./Core/Startup/startup_stm32f407vgtx.o
 .debug_aranges
                0x00000550       0xf0 ./Drivers/STM32F4xx_HAL_Driver/Src/stm32f4xx_hal.o
 .debug_aranges
                0x00000640      0x130 ./Drivers/STM32F4xx_HAL_Driver/Src/stm32f4xx_hal_cortex.o
 .debug_aranges
                0x00000770       0x90 ./Drivers/STM32F4xx_HAL_Driver/Src/stm32f4xx_hal_dma.o
 .debug_aranges
                0x00000800       0x58 ./Drivers/STM32F4xx_HAL_Driver/Src/stm32f4xx_hal_gpio.o
 .debug_aranges
                0x00000858       0x88 ./Drivers/STM32F4xx_HAL_Driver/Src/stm32f4xx_hal_rcc.o
 .debug_aranges
                0x000008e0      0x1d0 ./Drivers/STM32F4xx_HAL_Driver/Src/stm32f4xx_hal_spi.o
 .debug_aranges
                0x00000ab0      0x3d0 ./Drivers/STM32F4xx_HAL_Driver/Src/stm32f4xx_hal_tim.o
 .debug_aranges
                0x00000e80      0x168 ./Drivers/STM32F4xx_HAL_Driver/Src/stm32f4xx_hal_tim_ex.o
 .debug_aranges
                0x00000fe8      0x208 ./Drivers/STM32F4xx_HAL_Driver/Src/stm32f4xx_hal_uart.o
 .debug_aranges
                0x000011f0      0x218 ./Middlewares/Third_Party/FreeRTOS/Source/CMSIS_RTOS_V2/cmsis_os2.o
 .debug_aranges
                0x00001408       0x40 ./Middlewares/Third_Party/FreeRTOS/Source/list.o
 .debug_aranges
                0x00001448      0x158 ./Middlewares/Third_Party/FreeRTOS/Source/queue.o
 .debug_aranges
                0x000015a0      0x208 ./Middlewares/Third_Party/FreeRTOS/Source/tasks.o
 .debug_aranges
                0x000017a8       0xf0 ./Middlewares/Third_Party/FreeRTOS/Source/timers.o
 .debug_aranges
                0x00001898       0x80 ./Middlewares/Third_Party/FreeRTOS/Source/portable/GCC/ARM_CM4F/port.o
 .debug_aranges
                0x00001918       0x58 ./Middlewares/Third_Party/FreeRTOS/Source/portable/MemMang/heap_4.o

.debug_rnglists
                0x00000000     0x13d3
 .debug_rnglists
                0x00000000       0x2c ./Core/Src/delay.o
 .debug_rnglists
                0x0000002c       0x13 ./Core/Src/dma.o
 .debug_rnglists
                0x0000003f       0x44 ./Core/Src/font.o
 .debug_rnglists
                0x00000083       0x19 ./Core/Src/freertos.o
 .debug_rnglists
                0x0000009c       0x14 ./Core/Src/gpio.o
 .debug_rnglists
                0x000000b0       0xeb ./Core/Src/gui.o
 .debug_rnglists
                0x0000019b       0x8c ./Core/Src/lcd.o
 .debug_rnglists
                0x00000227       0x38 ./Core/Src/led.o
 .debug_rnglists
                0x0000025f       0x26 ./Core/Src/main.o
 .debug_rnglists
                0x00000285       0x40 ./Core/Src/micro_wave_oven.o
 .debug_rnglists
                0x000002c5       0x20 ./Core/Src/spi.o
 .debug_rnglists
                0x000002e5       0x13 ./Core/Src/stm32f4xx_hal_msp.o
 .debug_rnglists
                0x000002f8       0x20 ./Core/Src/stm32f4xx_hal_timebase_tim.o
 .debug_rnglists
                0x00000318       0x55 ./Core/Src/stm32f4xx_it.o
 .debug_rnglists
                0x0000036d       0x1a ./Core/Src/system_stm32f4xx.o
 .debug_rnglists
                0x00000387       0x41 ./Core/Src/tim.o
 .debug_rnglists
                0x000003c8       0x20 ./Core/Src/usart.o
 .debug_rnglists
                0x000003e8       0x19 ./Core/Startup/startup_stm32f407vgtx.o
 .debug_rnglists
                0x00000401       0xaf ./Drivers/STM32F4xx_HAL_Driver/Src/stm32f4xx_hal.o
 .debug_rnglists
                0x000004b0       0xe0 ./Drivers/STM32F4xx_HAL_Driver/Src/stm32f4xx_hal_cortex.o
 .debug_rnglists
                0x00000590       0x70 ./Drivers/STM32F4xx_HAL_Driver/Src/stm32f4xx_hal_dma.o
 .debug_rnglists
                0x00000600       0x3f ./Drivers/STM32F4xx_HAL_Driver/Src/stm32f4xx_hal_gpio.o
 .debug_rnglists
                0x0000063f       0x66 ./Drivers/STM32F4xx_HAL_Driver/Src/stm32f4xx_hal_rcc.o
 .debug_rnglists
                0x000006a5      0x16f ./Drivers/STM32F4xx_HAL_Driver/Src/stm32f4xx_hal_spi.o
 .debug_rnglists
                0x00000814      0x31a ./Drivers/STM32F4xx_HAL_Driver/Src/stm32f4xx_hal_tim.o
 .debug_rnglists
                0x00000b2e      0x125 ./Drivers/STM32F4xx_HAL_Driver/Src/stm32f4xx_hal_tim_ex.o
 .debug_rnglists
                0x00000c53      0x1bc ./Drivers/STM32F4xx_HAL_Driver/Src/stm32f4xx_hal_uart.o
 .debug_rnglists
                0x00000e0f      0x199 ./Middlewares/Third_Party/FreeRTOS/Source/CMSIS_RTOS_V2/cmsis_os2.o
 .debug_rnglists
                0x00000fa8       0x2b ./Middlewares/Third_Party/FreeRTOS/Source/list.o
 .debug_rnglists
                0x00000fd3      0x109 ./Middlewares/Third_Party/FreeRTOS/Source/queue.o
 .debug_rnglists
                0x000010dc      0x1a0 ./Middlewares/Third_Party/FreeRTOS/Source/tasks.o
 .debug_rnglists
                0x0000127c       0xb8 ./Middlewares/Third_Party/FreeRTOS/Source/timers.o
 .debug_rnglists
                0x00001334       0x5d ./Middlewares/Third_Party/FreeRTOS/Source/portable/GCC/ARM_CM4F/port.o
 .debug_rnglists
                0x00001391       0x42 ./Middlewares/Third_Party/FreeRTOS/Source/portable/MemMang/heap_4.o

.debug_macro    0x00000000     0x62fb
 .debug_macro   0x00000000      0x1e2 ./Core/Src/delay.o
 .debug_macro   0x000001e2      0x1f1 ./Core/Src/dma.o
 .debug_macro   0x000003d3       0x28 ./Core/Src/dma.o
 .debug_macro   0x000003fb      0x154 ./Core/Src/font.o
 .debug_macro   0x0000054f       0x61 ./Core/Src/font.o
 .debug_macro   0x000005b0       0x2a ./Core/Src/font.o
 .debug_macro   0x000005da       0x43 ./Core/Src/font.o
 .debug_macro   0x0000061d       0x34 ./Core/Src/font.o
 .debug_macro   0x00000651      0x370 ./Core/Src/font.o
 .debug_macro   0x000009c1       0x16 ./Core/Src/font.o
 .debug_macro   0x000009d7       0x4a ./Core/Src/font.o
 .debug_macro   0x00000a21       0x34 ./Core/Src/font.o
 .debug_macro   0x00000a55       0x10 ./Core/Src/font.o
 .debug_macro   0x00000a65       0x58 ./Core/Src/font.o
 .debug_macro   0x00000abd       0x8e ./Core/Src/font.o
 .debug_macro   0x00000b4b       0x1c ./Core/Src/font.o
 .debug_macro   0x00000b67      0x185 ./Core/Src/font.o
 .debug_macro   0x00000cec       0x10 ./Core/Src/font.o
 .debug_macro   0x00000cfc       0x3c ./Core/Src/font.o
 .debug_macro   0x00000d38       0x20 ./Core/Src/font.o
 .debug_macro   0x00000d58      0x321 ./Core/Src/freertos.o
 .debug_macro   0x00001079      0x16f ./Core/Src/freertos.o
 .debug_macro   0x000011e8      0x15a ./Core/Src/freertos.o
 .debug_macro   0x00001342       0xc9 ./Core/Src/freertos.o
 .debug_macro   0x0000140b       0x1c ./Core/Src/freertos.o
 .debug_macro   0x00001427       0x26 ./Core/Src/freertos.o
 .debug_macro   0x0000144d       0x10 ./Core/Src/freertos.o
 .debug_macro   0x0000145d      0x4bf ./Core/Src/freertos.o
 .debug_macro   0x0000191c       0xb5 ./Core/Src/freertos.o
 .debug_macro   0x000019d1       0xaa ./Core/Src/freertos.o
 .debug_macro   0x00001a7b       0x56 ./Core/Src/freertos.o
 .debug_macro   0x00001ad1       0x6c ./Core/Src/freertos.o
 .debug_macro   0x00001b3d       0x74 ./Core/Src/freertos.o
 .debug_macro   0x00001bb1       0xdd ./Core/Src/freertos.o
 .debug_macro   0x00001c8e      0x1f1 ./Core/Src/gpio.o
 .debug_macro   0x00001e7f      0x2d8 ./Core/Src/gui.o
 .debug_macro   0x00002157       0x5b ./Core/Src/gui.o
 .debug_macro   0x000021b2       0x94 ./Core/Src/gui.o
 .debug_macro   0x00002246       0x57 ./Core/Src/gui.o
 .debug_macro   0x0000229d       0x2e ./Core/Src/gui.o
 .debug_macro   0x000022cb       0x76 ./Core/Src/gui.o
 .debug_macro   0x00002341      0x2f2 ./Core/Src/lcd.o
 .debug_macro   0x00002633      0x1e2 ./Core/Src/led.o
 .debug_macro   0x00002815      0x3a1 ./Core/Src/main.o
 .debug_macro   0x00002bb6      0x16f ./Core/Src/main.o
 .debug_macro   0x00002d25       0x66 ./Core/Src/main.o
 .debug_macro   0x00002d8b       0x3a ./Core/Src/main.o
 .debug_macro   0x00002dc5      0x242 ./Core/Src/micro_wave_oven.o
 .debug_macro   0x00003007      0x1f1 ./Core/Src/spi.o
 .debug_macro   0x000031f8      0x1e7 ./Core/Src/stm32f4xx_hal_msp.o
 .debug_macro   0x000033df      0x1d8 ./Core/Src/stm32f4xx_hal_timebase_tim.o
 .debug_macro   0x000035b7      0x1f1 ./Core/Src/stm32f4xx_it.o
 .debug_macro   0x000037a8      0x1d8 ./Core/Src/system_stm32f4xx.o
 .debug_macro   0x00003980      0x1f1 ./Core/Src/tim.o
 .debug_macro   0x00003b71      0x1f1 ./Core/Src/usart.o
 .debug_macro   0x00003d62      0x238 ./Drivers/STM32F4xx_HAL_Driver/Src/stm32f4xx_hal.o
 .debug_macro   0x00003f9a      0x1d8 ./Drivers/STM32F4xx_HAL_Driver/Src/stm32f4xx_hal_cortex.o
 .debug_macro   0x00004172      0x1de ./Drivers/STM32F4xx_HAL_Driver/Src/stm32f4xx_hal_dma.o
 .debug_macro   0x00004350      0x1de ./Drivers/STM32F4xx_HAL_Driver/Src/stm32f4xx_hal_gpio.o
 .debug_macro   0x0000452e      0x1fc ./Drivers/STM32F4xx_HAL_Driver/Src/stm32f4xx_hal_rcc.o
 .debug_macro   0x0000472a      0x1e7 ./Drivers/STM32F4xx_HAL_Driver/Src/stm32f4xx_hal_spi.o
 .debug_macro   0x00004911      0x1d9 ./Drivers/STM32F4xx_HAL_Driver/Src/stm32f4xx_hal_tim.o
 .debug_macro   0x00004aea      0x1d8 ./Drivers/STM32F4xx_HAL_Driver/Src/stm32f4xx_hal_tim_ex.o
 .debug_macro   0x00004cc2      0x1d9 ./Drivers/STM32F4xx_HAL_Driver/Src/stm32f4xx_hal_uart.o
 .debug_macro   0x00004e9b      0x3e1 ./Middlewares/Third_Party/FreeRTOS/Source/CMSIS_RTOS_V2/cmsis_os2.o
 .debug_macro   0x0000527c       0x10 ./Middlewares/Third_Party/FreeRTOS/Source/CMSIS_RTOS_V2/cmsis_os2.o
 .debug_macro   0x0000528c       0xf5 ./Middlewares/Third_Party/FreeRTOS/Source/CMSIS_RTOS_V2/cmsis_os2.o
 .debug_macro   0x00005381       0x16 ./Middlewares/Third_Party/FreeRTOS/Source/CMSIS_RTOS_V2/cmsis_os2.o
 .debug_macro   0x00005397       0x91 ./Middlewares/Third_Party/FreeRTOS/Source/CMSIS_RTOS_V2/cmsis_os2.o
 .debug_macro   0x00005428       0x8d ./Middlewares/Third_Party/FreeRTOS/Source/CMSIS_RTOS_V2/cmsis_os2.o
 .debug_macro   0x000054b5       0x9a ./Middlewares/Third_Party/FreeRTOS/Source/CMSIS_RTOS_V2/cmsis_os2.o
 .debug_macro   0x0000554f       0x22 ./Middlewares/Third_Party/FreeRTOS/Source/CMSIS_RTOS_V2/cmsis_os2.o
 .debug_macro   0x00005571      0x199 ./Middlewares/Third_Party/FreeRTOS/Source/list.o
 .debug_macro   0x0000570a      0x228 ./Middlewares/Third_Party/FreeRTOS/Source/queue.o
 .debug_macro   0x00005932       0x16 ./Middlewares/Third_Party/FreeRTOS/Source/queue.o
 .debug_macro   0x00005948       0x87 ./Middlewares/Third_Party/FreeRTOS/Source/queue.o
 .debug_macro   0x000059cf      0x291 ./Middlewares/Third_Party/FreeRTOS/Source/tasks.o
 .debug_macro   0x00005c60       0x10 ./Middlewares/Third_Party/FreeRTOS/Source/tasks.o
 .debug_macro   0x00005c70      0x1ee ./Middlewares/Third_Party/FreeRTOS/Source/timers.o
 .debug_macro   0x00005e5e       0x97 ./Middlewares/Third_Party/FreeRTOS/Source/timers.o
 .debug_macro   0x00005ef5      0x246 ./Middlewares/Third_Party/FreeRTOS/Source/portable/GCC/ARM_CM4F/port.o
 .debug_macro   0x0000613b      0x1c0 ./Middlewares/Third_Party/FreeRTOS/Source/portable/MemMang/heap_4.o

.debug_line     0x00000000    0x1f39d
 .debug_line    0x00000000      0x898 ./Core/Src/delay.o
 .debug_line    0x00000898      0x759 ./Core/Src/dma.o
 .debug_line    0x00000ff1      0x7af ./Core/Src/font.o
 .debug_line    0x000017a0      0xa0b ./Core/Src/freertos.o
 .debug_line    0x000021ab      0x77b ./Core/Src/gpio.o
 .debug_line    0x00002926     0x157b ./Core/Src/gui.o
 .debug_line    0x00003ea1      0xee6 ./Core/Src/lcd.o
 .debug_line    0x00004d87      0x8e6 ./Core/Src/led.o
 .debug_line    0x0000566d      0xb45 ./Core/Src/main.o
 .debug_line    0x000061b2      0x935 ./Core/Src/micro_wave_oven.o
 .debug_line    0x00006ae7      0x7d3 ./Core/Src/spi.o